Archive member included to satisfy reference by file (symbol)

c:/program files (x86)/atmel/studio/7.0/toolchain/avr8/avr8-gnu-toolchain/bin/../lib/gcc/avr/5.4.0/../../../../avr/lib/avr5\libm.a(divsf3.o)
                              App/main.o (__divsf3)
c:/program files (x86)/atmel/studio/7.0/toolchain/avr8/avr8-gnu-toolchain/bin/../lib/gcc/avr/5.4.0/../../../../avr/lib/avr5\libm.a(divsf3x.o)
                              c:/program files (x86)/atmel/studio/7.0/toolchain/avr8/avr8-gnu-toolchain/bin/../lib/gcc/avr/5.4.0/../../../../avr/lib/avr5\libm.a(divsf3.o) (__divsf3x)
c:/program files (x86)/atmel/studio/7.0/toolchain/avr8/avr8-gnu-toolchain/bin/../lib/gcc/avr/5.4.0/../../../../avr/lib/avr5\libm.a(fixunssfsi.o)
                              App/main.o (__fixunssfsi)
c:/program files (x86)/atmel/studio/7.0/toolchain/avr8/avr8-gnu-toolchain/bin/../lib/gcc/avr/5.4.0/../../../../avr/lib/avr5\libm.a(floatsisf.o)
                              App/main.o (__floatsisf)
c:/program files (x86)/atmel/studio/7.0/toolchain/avr8/avr8-gnu-toolchain/bin/../lib/gcc/avr/5.4.0/../../../../avr/lib/avr5\libm.a(fp_inf.o)
                              c:/program files (x86)/atmel/studio/7.0/toolchain/avr8/avr8-gnu-toolchain/bin/../lib/gcc/avr/5.4.0/../../../../avr/lib/avr5\libm.a(divsf3x.o) (__fp_inf)
c:/program files (x86)/atmel/studio/7.0/toolchain/avr8/avr8-gnu-toolchain/bin/../lib/gcc/avr/5.4.0/../../../../avr/lib/avr5\libm.a(fp_nan.o)
                              c:/program files (x86)/atmel/studio/7.0/toolchain/avr8/avr8-gnu-toolchain/bin/../lib/gcc/avr/5.4.0/../../../../avr/lib/avr5\libm.a(divsf3x.o) (__fp_nan)
c:/program files (x86)/atmel/studio/7.0/toolchain/avr8/avr8-gnu-toolchain/bin/../lib/gcc/avr/5.4.0/../../../../avr/lib/avr5\libm.a(fp_pscA.o)
                              c:/program files (x86)/atmel/studio/7.0/toolchain/avr8/avr8-gnu-toolchain/bin/../lib/gcc/avr/5.4.0/../../../../avr/lib/avr5\libm.a(divsf3x.o) (__fp_pscA)
c:/program files (x86)/atmel/studio/7.0/toolchain/avr8/avr8-gnu-toolchain/bin/../lib/gcc/avr/5.4.0/../../../../avr/lib/avr5\libm.a(fp_pscB.o)
                              c:/program files (x86)/atmel/studio/7.0/toolchain/avr8/avr8-gnu-toolchain/bin/../lib/gcc/avr/5.4.0/../../../../avr/lib/avr5\libm.a(divsf3x.o) (__fp_pscB)
c:/program files (x86)/atmel/studio/7.0/toolchain/avr8/avr8-gnu-toolchain/bin/../lib/gcc/avr/5.4.0/../../../../avr/lib/avr5\libm.a(fp_round.o)
                              c:/program files (x86)/atmel/studio/7.0/toolchain/avr8/avr8-gnu-toolchain/bin/../lib/gcc/avr/5.4.0/../../../../avr/lib/avr5\libm.a(divsf3.o) (__fp_round)
c:/program files (x86)/atmel/studio/7.0/toolchain/avr8/avr8-gnu-toolchain/bin/../lib/gcc/avr/5.4.0/../../../../avr/lib/avr5\libm.a(fp_split3.o)
                              c:/program files (x86)/atmel/studio/7.0/toolchain/avr8/avr8-gnu-toolchain/bin/../lib/gcc/avr/5.4.0/../../../../avr/lib/avr5\libm.a(divsf3x.o) (__fp_split3)
c:/program files (x86)/atmel/studio/7.0/toolchain/avr8/avr8-gnu-toolchain/bin/../lib/gcc/avr/5.4.0/../../../../avr/lib/avr5\libm.a(fp_zero.o)
                              c:/program files (x86)/atmel/studio/7.0/toolchain/avr8/avr8-gnu-toolchain/bin/../lib/gcc/avr/5.4.0/../../../../avr/lib/avr5\libm.a(fixunssfsi.o) (__fp_zero)
c:/program files (x86)/atmel/studio/7.0/toolchain/avr8/avr8-gnu-toolchain/bin/../lib/gcc/avr/5.4.0/../../../../avr/lib/avr5\libm.a(mulsf3.o)
                              App/main.o (__mulsf3)
c:/program files (x86)/atmel/studio/7.0/toolchain/avr8/avr8-gnu-toolchain/bin/../lib/gcc/avr/5.4.0/../../../../avr/lib/avr5\libm.a(mulsf3x.o)
                              c:/program files (x86)/atmel/studio/7.0/toolchain/avr8/avr8-gnu-toolchain/bin/../lib/gcc/avr/5.4.0/../../../../avr/lib/avr5\libm.a(mulsf3.o) (__mulsf3x)
c:/program files (x86)/atmel/studio/7.0/toolchain/avr8/avr8-gnu-toolchain/bin/../lib/gcc/avr/5.4.0/../../../../avr/lib/avr5\libprintf_flt.a(vfprintf_flt.o)
                              (vfprintf)
c:/program files (x86)/atmel/studio/7.0/toolchain/avr8/avr8-gnu-toolchain/bin/../lib/gcc/avr/5.4.0/avr5\libgcc.a(_udivmodsi4.o)
                              Hal/TempSensor/TempSensor.o (__udivmodsi4)
c:/program files (x86)/atmel/studio/7.0/toolchain/avr8/avr8-gnu-toolchain/bin/../lib/gcc/avr/5.4.0/avr5\libgcc.a(_divmodsi4.o)
                              Hal/Lcd/Lcd.o (__divmodsi4)
c:/program files (x86)/atmel/studio/7.0/toolchain/avr8/avr8-gnu-toolchain/bin/../lib/gcc/avr/5.4.0/avr5\libgcc.a(_negsi2.o)
                              c:/program files (x86)/atmel/studio/7.0/toolchain/avr8/avr8-gnu-toolchain/bin/../lib/gcc/avr/5.4.0/avr5\libgcc.a(_divmodsi4.o) (__negsi2)
c:/program files (x86)/atmel/studio/7.0/toolchain/avr8/avr8-gnu-toolchain/bin/../lib/gcc/avr/5.4.0/avr5\libgcc.a(_exit.o)
                              C:/Program Files (x86)/Atmel/Studio/7.0/Packs/atmel/ATmega_DFP/1.6.364/gcc/dev/atmega32/avr5/crtatmega32.o (exit)
c:/program files (x86)/atmel/studio/7.0/toolchain/avr8/avr8-gnu-toolchain/bin/../lib/gcc/avr/5.4.0/avr5\libgcc.a(_tablejump2.o)
                              App/main.o (__tablejump2__)
c:/program files (x86)/atmel/studio/7.0/toolchain/avr8/avr8-gnu-toolchain/bin/../lib/gcc/avr/5.4.0/avr5\libgcc.a(_copy_data.o)
                              App/main.o (__do_copy_data)
c:/program files (x86)/atmel/studio/7.0/toolchain/avr8/avr8-gnu-toolchain/bin/../lib/gcc/avr/5.4.0/avr5\libgcc.a(_clear_bss.o)
                              App/main.o (__do_clear_bss)
c:/program files (x86)/atmel/studio/7.0/toolchain/avr8/avr8-gnu-toolchain/bin/../lib/gcc/avr/5.4.0/avr5\libgcc.a(_umulhisi3.o)
                              Hal/TempSensor/TempSensor.o (__umulhisi3)
c:/program files (x86)/atmel/studio/7.0/toolchain/avr8/avr8-gnu-toolchain/bin/../lib/gcc/avr/5.4.0/avr5\libgcc.a(_prologue.o)
                              c:/program files (x86)/atmel/studio/7.0/toolchain/avr8/avr8-gnu-toolchain/bin/../lib/gcc/avr/5.4.0/../../../../avr/lib/avr5\libprintf_flt.a(vfprintf_flt.o) (__prologue_saves__)
c:/program files (x86)/atmel/studio/7.0/toolchain/avr8/avr8-gnu-toolchain/bin/../lib/gcc/avr/5.4.0/avr5\libgcc.a(_epilogue.o)
                              c:/program files (x86)/atmel/studio/7.0/toolchain/avr8/avr8-gnu-toolchain/bin/../lib/gcc/avr/5.4.0/../../../../avr/lib/avr5\libprintf_flt.a(vfprintf_flt.o) (__epilogue_restores__)
c:/program files (x86)/atmel/studio/7.0/toolchain/avr8/avr8-gnu-toolchain/bin/../lib/gcc/avr/5.4.0/../../../../avr/lib/avr5\libc.a(ftoa_engine.o)
                              c:/program files (x86)/atmel/studio/7.0/toolchain/avr8/avr8-gnu-toolchain/bin/../lib/gcc/avr/5.4.0/../../../../avr/lib/avr5\libprintf_flt.a(vfprintf_flt.o) (__ftoa_engine)
c:/program files (x86)/atmel/studio/7.0/toolchain/avr8/avr8-gnu-toolchain/bin/../lib/gcc/avr/5.4.0/../../../../avr/lib/avr5\libc.a(strnlen_P.o)
                              c:/program files (x86)/atmel/studio/7.0/toolchain/avr8/avr8-gnu-toolchain/bin/../lib/gcc/avr/5.4.0/../../../../avr/lib/avr5\libprintf_flt.a(vfprintf_flt.o) (strnlen_P)
c:/program files (x86)/atmel/studio/7.0/toolchain/avr8/avr8-gnu-toolchain/bin/../lib/gcc/avr/5.4.0/../../../../avr/lib/avr5\libc.a(strcat.o)
                              App/main.o (strcat)
c:/program files (x86)/atmel/studio/7.0/toolchain/avr8/avr8-gnu-toolchain/bin/../lib/gcc/avr/5.4.0/../../../../avr/lib/avr5\libc.a(strcmp.o)
                              App/main.o (strcmp)
c:/program files (x86)/atmel/studio/7.0/toolchain/avr8/avr8-gnu-toolchain/bin/../lib/gcc/avr/5.4.0/../../../../avr/lib/avr5\libc.a(strnlen.o)
                              c:/program files (x86)/atmel/studio/7.0/toolchain/avr8/avr8-gnu-toolchain/bin/../lib/gcc/avr/5.4.0/../../../../avr/lib/avr5\libprintf_flt.a(vfprintf_flt.o) (strnlen)
c:/program files (x86)/atmel/studio/7.0/toolchain/avr8/avr8-gnu-toolchain/bin/../lib/gcc/avr/5.4.0/../../../../avr/lib/avr5\libc.a(fputc.o)
                              c:/program files (x86)/atmel/studio/7.0/toolchain/avr8/avr8-gnu-toolchain/bin/../lib/gcc/avr/5.4.0/../../../../avr/lib/avr5\libprintf_flt.a(vfprintf_flt.o) (fputc)
c:/program files (x86)/atmel/studio/7.0/toolchain/avr8/avr8-gnu-toolchain/bin/../lib/gcc/avr/5.4.0/../../../../avr/lib/avr5\libc.a(ultoa_invert.o)
                              c:/program files (x86)/atmel/studio/7.0/toolchain/avr8/avr8-gnu-toolchain/bin/../lib/gcc/avr/5.4.0/../../../../avr/lib/avr5\libprintf_flt.a(vfprintf_flt.o) (__ultoa_invert)

Allocating common symbols
Common symbol       size              file

x                   0x1               App/main.o
A_Cnt               0x1               App/main.o

Discarded input sections

 .data          0x00000000        0x0 C:/Program Files (x86)/Atmel/Studio/7.0/Packs/atmel/ATmega_DFP/1.6.364/gcc/dev/atmega32/avr5/crtatmega32.o
 .bss           0x00000000        0x0 C:/Program Files (x86)/Atmel/Studio/7.0/Packs/atmel/ATmega_DFP/1.6.364/gcc/dev/atmega32/avr5/crtatmega32.o
 .text          0x00000000        0x0 App/main.o
 .data          0x00000000        0x0 App/main.o
 .bss           0x00000000        0x0 App/main.o
 .text.A_EnterNewData
                0x00000000       0x24 App/main.o
 .text.A_RetreiveData
                0x00000000       0x10 App/main.o
 .bss.retreived_password
                0x00000000        0x1 App/main.o
 .bss.retreived_username
                0x00000000        0x1 App/main.o
 .data.id       0x00000000        0x1 App/main.o
 .text          0x00000000        0x0 Hal/Buzzer/Buzzer.o
 .data          0x00000000        0x0 Hal/Buzzer/Buzzer.o
 .bss           0x00000000        0x0 Hal/Buzzer/Buzzer.o
 .text.H_Buzzer_Off
                0x00000000        0xa Hal/Buzzer/Buzzer.o
 .text.H_Buzzer_Tog
                0x00000000        0x8 Hal/Buzzer/Buzzer.o
 .text.H_Buzzer_Alarm
                0x00000000       0x2e Hal/Buzzer/Buzzer.o
 .text          0x00000000        0x0 Hal/Dimmer/Dimmer_Light.o
 .data          0x00000000        0x0 Hal/Dimmer/Dimmer_Light.o
 .bss           0x00000000        0x0 Hal/Dimmer/Dimmer_Light.o
 .text.H_Dimmer_Light_Stop
                0x00000000        0x6 Hal/Dimmer/Dimmer_Light.o
 .text          0x00000000        0x0 Hal/Ext_Eeprom/Ext_Eeprom.o
 .data          0x00000000        0x0 Hal/Ext_Eeprom/Ext_Eeprom.o
 .bss           0x00000000        0x0 Hal/Ext_Eeprom/Ext_Eeprom.o
 .text.H_Ext_Eeprom_Init
                0x00000000        0x6 Hal/Ext_Eeprom/Ext_Eeprom.o
 .text.H_Ext_Eeprom_Write
                0x00000000       0x30 Hal/Ext_Eeprom/Ext_Eeprom.o
 .text.H_Ext_Eeprom_Read
                0x00000000       0x38 Hal/Ext_Eeprom/Ext_Eeprom.o
 .text.H_Ext_Eeprom_MultiByteWrite
                0x00000000       0x58 Hal/Ext_Eeprom/Ext_Eeprom.o
 .text.H_Ext_Eeprom_MultiByteRead
                0x00000000       0x66 Hal/Ext_Eeprom/Ext_Eeprom.o
 .debug_info    0x00000000      0x3c6 Hal/Ext_Eeprom/Ext_Eeprom.o
 .debug_abbrev  0x00000000       0xea Hal/Ext_Eeprom/Ext_Eeprom.o
 .debug_loc     0x00000000      0x373 Hal/Ext_Eeprom/Ext_Eeprom.o
 .debug_aranges
                0x00000000       0x40 Hal/Ext_Eeprom/Ext_Eeprom.o
 .debug_ranges  0x00000000       0x30 Hal/Ext_Eeprom/Ext_Eeprom.o
 .debug_line    0x00000000      0x1ac Hal/Ext_Eeprom/Ext_Eeprom.o
 .debug_str     0x00000000      0x291 Hal/Ext_Eeprom/Ext_Eeprom.o
 .comment       0x00000000       0x31 Hal/Ext_Eeprom/Ext_Eeprom.o
 .debug_frame   0x00000000       0xa8 Hal/Ext_Eeprom/Ext_Eeprom.o
 .text          0x00000000        0x0 Hal/Keypad/KeyPad.o
 .data          0x00000000        0x0 Hal/Keypad/KeyPad.o
 .bss           0x00000000        0x0 Hal/Keypad/KeyPad.o
 .text          0x00000000        0x0 Hal/Lcd/Lcd.o
 .data          0x00000000        0x0 Hal/Lcd/Lcd.o
 .bss           0x00000000        0x0 Hal/Lcd/Lcd.o
 .text.H_Lcd_WriteNumber
                0x00000000       0xd8 Hal/Lcd/Lcd.o
 .text.H_Lcd_ShiftRight
                0x00000000        0x8 Hal/Lcd/Lcd.o
 .text          0x00000000        0x0 Hal/Motor/DcMotor.o
 .data          0x00000000        0x0 Hal/Motor/DcMotor.o
 .bss           0x00000000        0x0 Hal/Motor/DcMotor.o
 .text          0x00000000        0x0 Hal/Relay/Relay.o
 .data          0x00000000        0x0 Hal/Relay/Relay.o
 .bss           0x00000000        0x0 Hal/Relay/Relay.o
 .text.H_Relay_Tog
                0x00000000        0x6 Hal/Relay/Relay.o
 .text          0x00000000        0x0 Hal/Servo/Servo.o
 .data          0x00000000        0x0 Hal/Servo/Servo.o
 .bss           0x00000000        0x0 Hal/Servo/Servo.o
 .text.H_ServoMotor_Stop
                0x00000000        0x6 Hal/Servo/Servo.o
 .text          0x00000000        0x0 Hal/TempSensor/TempSensor.o
 .data          0x00000000        0x0 Hal/TempSensor/TempSensor.o
 .bss           0x00000000        0x0 Hal/TempSensor/TempSensor.o
 .text          0x00000000        0x0 Mcal/Adc/Adc.o
 .data          0x00000000        0x0 Mcal/Adc/Adc.o
 .bss           0x00000000        0x0 Mcal/Adc/Adc.o
 .text          0x00000000        0x0 Mcal/Dio/Dio.o
 .data          0x00000000        0x0 Mcal/Dio/Dio.o
 .bss           0x00000000        0x0 Mcal/Dio/Dio.o
 .text.M_Dio_PinTog
                0x00000000       0x94 Mcal/Dio/Dio.o
 .text.M_Dio_PortMode
                0x00000000       0x5e Mcal/Dio/Dio.o
 .text.M_Dio_PortWrite
                0x00000000       0x26 Mcal/Dio/Dio.o
 .text          0x00000000        0x0 Mcal/Timer0/Timer0.o
 .data          0x00000000        0x0 Mcal/Timer0/Timer0.o
 .bss           0x00000000        0x0 Mcal/Timer0/Timer0.o
 .bss.Timer0_NumOfCompareMatch
                0x00000000        0x4 Mcal/Timer0/Timer0.o
 .bss.Timer0_u8_RemTicks
                0x00000000        0x1 Mcal/Timer0/Timer0.o
 .bss.Timer0_u32_NumOfOverFlows
                0x00000000        0x4 Mcal/Timer0/Timer0.o
 .text          0x00000000        0x0 Mcal/Timer1/Timer__1.o
 .data          0x00000000        0x0 Mcal/Timer1/Timer__1.o
 .bss           0x00000000        0x0 Mcal/Timer1/Timer__1.o
 .text.M_Timer1_Stop
                0x00000000       0x14 Mcal/Timer1/Timer__1.o
 .text.M_Timer1_Pwm_Stop
                0x00000000        0x6 Mcal/Timer1/Timer__1.o
 .text.M_Timer1_PwmReset
                0x00000000        0xa Mcal/Timer1/Timer__1.o
 .text          0x00000000        0x0 Mcal/Twi/Twi.o
 .data          0x00000000        0x0 Mcal/Twi/Twi.o
 .bss           0x00000000        0x0 Mcal/Twi/Twi.o
 .text.M_Twi_Init
                0x00000000        0xc Mcal/Twi/Twi.o
 .text.M_Twi_StartCondition
                0x00000000       0x14 Mcal/Twi/Twi.o
 .text.M_Twi_SlaveAddressWrite
                0x00000000       0x18 Mcal/Twi/Twi.o
 .text.M_Twi_SlaveAddressRead
                0x00000000       0x1e Mcal/Twi/Twi.o
 .text.M_Twi_SendByte
                0x00000000       0x16 Mcal/Twi/Twi.o
 .text.M_Twi_ReadByte
                0x00000000       0x2a Mcal/Twi/Twi.o
 .text.M_Twi_ReapeatedStart
                0x00000000       0x14 Mcal/Twi/Twi.o
 .text.M_Twi_StopCondition
                0x00000000        0x6 Mcal/Twi/Twi.o
 .debug_info    0x00000000      0x170 Mcal/Twi/Twi.o
 .debug_abbrev  0x00000000       0x8b Mcal/Twi/Twi.o
 .debug_loc     0x00000000       0xa9 Mcal/Twi/Twi.o
 .debug_aranges
                0x00000000       0x58 Mcal/Twi/Twi.o
 .debug_ranges  0x00000000       0x48 Mcal/Twi/Twi.o
 .debug_line    0x00000000      0x1cc Mcal/Twi/Twi.o
 .debug_str     0x00000000      0x20b Mcal/Twi/Twi.o
 .comment       0x00000000       0x31 Mcal/Twi/Twi.o
 .debug_frame   0x00000000       0x94 Mcal/Twi/Twi.o
 .text          0x00000000        0x0 Mcal/Uart/Uart.o
 .data          0x00000000        0x0 Mcal/Uart/Uart.o
 .bss           0x00000000        0x0 Mcal/Uart/Uart.o
 .text.M_Uart_Receive
                0x00000000        0x8 Mcal/Uart/Uart.o
 .text.M_Uart_Available
                0x00000000        0xa Mcal/Uart/Uart.o
 .text.M_Uart_Stop
                0x00000000       0x14 Mcal/Uart/Uart.o
 .text          0x00000000        0x0 c:/program files (x86)/atmel/studio/7.0/toolchain/avr8/avr8-gnu-toolchain/bin/../lib/gcc/avr/5.4.0/../../../../avr/lib/avr5\libm.a(divsf3.o)
 .data          0x00000000        0x0 c:/program files (x86)/atmel/studio/7.0/toolchain/avr8/avr8-gnu-toolchain/bin/../lib/gcc/avr/5.4.0/../../../../avr/lib/avr5\libm.a(divsf3.o)
 .bss           0x00000000        0x0 c:/program files (x86)/atmel/studio/7.0/toolchain/avr8/avr8-gnu-toolchain/bin/../lib/gcc/avr/5.4.0/../../../../avr/lib/avr5\libm.a(divsf3.o)
 .text          0x00000000        0x0 c:/program files (x86)/atmel/studio/7.0/toolchain/avr8/avr8-gnu-toolchain/bin/../lib/gcc/avr/5.4.0/../../../../avr/lib/avr5\libm.a(divsf3x.o)
 .data          0x00000000        0x0 c:/program files (x86)/atmel/studio/7.0/toolchain/avr8/avr8-gnu-toolchain/bin/../lib/gcc/avr/5.4.0/../../../../avr/lib/avr5\libm.a(divsf3x.o)
 .bss           0x00000000        0x0 c:/program files (x86)/atmel/studio/7.0/toolchain/avr8/avr8-gnu-toolchain/bin/../lib/gcc/avr/5.4.0/../../../../avr/lib/avr5\libm.a(divsf3x.o)
 .text          0x00000000        0x0 c:/program files (x86)/atmel/studio/7.0/toolchain/avr8/avr8-gnu-toolchain/bin/../lib/gcc/avr/5.4.0/../../../../avr/lib/avr5\libm.a(fixunssfsi.o)
 .data          0x00000000        0x0 c:/program files (x86)/atmel/studio/7.0/toolchain/avr8/avr8-gnu-toolchain/bin/../lib/gcc/avr/5.4.0/../../../../avr/lib/avr5\libm.a(fixunssfsi.o)
 .bss           0x00000000        0x0 c:/program files (x86)/atmel/studio/7.0/toolchain/avr8/avr8-gnu-toolchain/bin/../lib/gcc/avr/5.4.0/../../../../avr/lib/avr5\libm.a(fixunssfsi.o)
 .text          0x00000000        0x0 c:/program files (x86)/atmel/studio/7.0/toolchain/avr8/avr8-gnu-toolchain/bin/../lib/gcc/avr/5.4.0/../../../../avr/lib/avr5\libm.a(floatsisf.o)
 .data          0x00000000        0x0 c:/program files (x86)/atmel/studio/7.0/toolchain/avr8/avr8-gnu-toolchain/bin/../lib/gcc/avr/5.4.0/../../../../avr/lib/avr5\libm.a(floatsisf.o)
 .bss           0x00000000        0x0 c:/program files (x86)/atmel/studio/7.0/toolchain/avr8/avr8-gnu-toolchain/bin/../lib/gcc/avr/5.4.0/../../../../avr/lib/avr5\libm.a(floatsisf.o)
 .text          0x00000000        0x0 c:/program files (x86)/atmel/studio/7.0/toolchain/avr8/avr8-gnu-toolchain/bin/../lib/gcc/avr/5.4.0/../../../../avr/lib/avr5\libm.a(fp_inf.o)
 .data          0x00000000        0x0 c:/program files (x86)/atmel/studio/7.0/toolchain/avr8/avr8-gnu-toolchain/bin/../lib/gcc/avr/5.4.0/../../../../avr/lib/avr5\libm.a(fp_inf.o)
 .bss           0x00000000        0x0 c:/program files (x86)/atmel/studio/7.0/toolchain/avr8/avr8-gnu-toolchain/bin/../lib/gcc/avr/5.4.0/../../../../avr/lib/avr5\libm.a(fp_inf.o)
 .text          0x00000000        0x0 c:/program files (x86)/atmel/studio/7.0/toolchain/avr8/avr8-gnu-toolchain/bin/../lib/gcc/avr/5.4.0/../../../../avr/lib/avr5\libm.a(fp_nan.o)
 .data          0x00000000        0x0 c:/program files (x86)/atmel/studio/7.0/toolchain/avr8/avr8-gnu-toolchain/bin/../lib/gcc/avr/5.4.0/../../../../avr/lib/avr5\libm.a(fp_nan.o)
 .bss           0x00000000        0x0 c:/program files (x86)/atmel/studio/7.0/toolchain/avr8/avr8-gnu-toolchain/bin/../lib/gcc/avr/5.4.0/../../../../avr/lib/avr5\libm.a(fp_nan.o)
 .text          0x00000000        0x0 c:/program files (x86)/atmel/studio/7.0/toolchain/avr8/avr8-gnu-toolchain/bin/../lib/gcc/avr/5.4.0/../../../../avr/lib/avr5\libm.a(fp_pscA.o)
 .data          0x00000000        0x0 c:/program files (x86)/atmel/studio/7.0/toolchain/avr8/avr8-gnu-toolchain/bin/../lib/gcc/avr/5.4.0/../../../../avr/lib/avr5\libm.a(fp_pscA.o)
 .bss           0x00000000        0x0 c:/program files (x86)/atmel/studio/7.0/toolchain/avr8/avr8-gnu-toolchain/bin/../lib/gcc/avr/5.4.0/../../../../avr/lib/avr5\libm.a(fp_pscA.o)
 .text          0x00000000        0x0 c:/program files (x86)/atmel/studio/7.0/toolchain/avr8/avr8-gnu-toolchain/bin/../lib/gcc/avr/5.4.0/../../../../avr/lib/avr5\libm.a(fp_pscB.o)
 .data          0x00000000        0x0 c:/program files (x86)/atmel/studio/7.0/toolchain/avr8/avr8-gnu-toolchain/bin/../lib/gcc/avr/5.4.0/../../../../avr/lib/avr5\libm.a(fp_pscB.o)
 .bss           0x00000000        0x0 c:/program files (x86)/atmel/studio/7.0/toolchain/avr8/avr8-gnu-toolchain/bin/../lib/gcc/avr/5.4.0/../../../../avr/lib/avr5\libm.a(fp_pscB.o)
 .text          0x00000000        0x0 c:/program files (x86)/atmel/studio/7.0/toolchain/avr8/avr8-gnu-toolchain/bin/../lib/gcc/avr/5.4.0/../../../../avr/lib/avr5\libm.a(fp_round.o)
 .data          0x00000000        0x0 c:/program files (x86)/atmel/studio/7.0/toolchain/avr8/avr8-gnu-toolchain/bin/../lib/gcc/avr/5.4.0/../../../../avr/lib/avr5\libm.a(fp_round.o)
 .bss           0x00000000        0x0 c:/program files (x86)/atmel/studio/7.0/toolchain/avr8/avr8-gnu-toolchain/bin/../lib/gcc/avr/5.4.0/../../../../avr/lib/avr5\libm.a(fp_round.o)
 .text          0x00000000        0x0 c:/program files (x86)/atmel/studio/7.0/toolchain/avr8/avr8-gnu-toolchain/bin/../lib/gcc/avr/5.4.0/../../../../avr/lib/avr5\libm.a(fp_split3.o)
 .data          0x00000000        0x0 c:/program files (x86)/atmel/studio/7.0/toolchain/avr8/avr8-gnu-toolchain/bin/../lib/gcc/avr/5.4.0/../../../../avr/lib/avr5\libm.a(fp_split3.o)
 .bss           0x00000000        0x0 c:/program files (x86)/atmel/studio/7.0/toolchain/avr8/avr8-gnu-toolchain/bin/../lib/gcc/avr/5.4.0/../../../../avr/lib/avr5\libm.a(fp_split3.o)
 .text          0x00000000        0x0 c:/program files (x86)/atmel/studio/7.0/toolchain/avr8/avr8-gnu-toolchain/bin/../lib/gcc/avr/5.4.0/../../../../avr/lib/avr5\libm.a(fp_zero.o)
 .data          0x00000000        0x0 c:/program files (x86)/atmel/studio/7.0/toolchain/avr8/avr8-gnu-toolchain/bin/../lib/gcc/avr/5.4.0/../../../../avr/lib/avr5\libm.a(fp_zero.o)
 .bss           0x00000000        0x0 c:/program files (x86)/atmel/studio/7.0/toolchain/avr8/avr8-gnu-toolchain/bin/../lib/gcc/avr/5.4.0/../../../../avr/lib/avr5\libm.a(fp_zero.o)
 .text          0x00000000        0x0 c:/program files (x86)/atmel/studio/7.0/toolchain/avr8/avr8-gnu-toolchain/bin/../lib/gcc/avr/5.4.0/../../../../avr/lib/avr5\libm.a(mulsf3.o)
 .data          0x00000000        0x0 c:/program files (x86)/atmel/studio/7.0/toolchain/avr8/avr8-gnu-toolchain/bin/../lib/gcc/avr/5.4.0/../../../../avr/lib/avr5\libm.a(mulsf3.o)
 .bss           0x00000000        0x0 c:/program files (x86)/atmel/studio/7.0/toolchain/avr8/avr8-gnu-toolchain/bin/../lib/gcc/avr/5.4.0/../../../../avr/lib/avr5\libm.a(mulsf3.o)
 .text          0x00000000        0x0 c:/program files (x86)/atmel/studio/7.0/toolchain/avr8/avr8-gnu-toolchain/bin/../lib/gcc/avr/5.4.0/../../../../avr/lib/avr5\libm.a(mulsf3x.o)
 .data          0x00000000        0x0 c:/program files (x86)/atmel/studio/7.0/toolchain/avr8/avr8-gnu-toolchain/bin/../lib/gcc/avr/5.4.0/../../../../avr/lib/avr5\libm.a(mulsf3x.o)
 .bss           0x00000000        0x0 c:/program files (x86)/atmel/studio/7.0/toolchain/avr8/avr8-gnu-toolchain/bin/../lib/gcc/avr/5.4.0/../../../../avr/lib/avr5\libm.a(mulsf3x.o)
 .text          0x00000000        0x0 c:/program files (x86)/atmel/studio/7.0/toolchain/avr8/avr8-gnu-toolchain/bin/../lib/gcc/avr/5.4.0/../../../../avr/lib/avr5\libprintf_flt.a(vfprintf_flt.o)
 .data          0x00000000        0x0 c:/program files (x86)/atmel/studio/7.0/toolchain/avr8/avr8-gnu-toolchain/bin/../lib/gcc/avr/5.4.0/../../../../avr/lib/avr5\libprintf_flt.a(vfprintf_flt.o)
 .bss           0x00000000        0x0 c:/program files (x86)/atmel/studio/7.0/toolchain/avr8/avr8-gnu-toolchain/bin/../lib/gcc/avr/5.4.0/../../../../avr/lib/avr5\libprintf_flt.a(vfprintf_flt.o)
 .text          0x00000000        0x0 c:/program files (x86)/atmel/studio/7.0/toolchain/avr8/avr8-gnu-toolchain/bin/../lib/gcc/avr/5.4.0/avr5\libgcc.a(_udivmodsi4.o)
 .data          0x00000000        0x0 c:/program files (x86)/atmel/studio/7.0/toolchain/avr8/avr8-gnu-toolchain/bin/../lib/gcc/avr/5.4.0/avr5\libgcc.a(_udivmodsi4.o)
 .bss           0x00000000        0x0 c:/program files (x86)/atmel/studio/7.0/toolchain/avr8/avr8-gnu-toolchain/bin/../lib/gcc/avr/5.4.0/avr5\libgcc.a(_udivmodsi4.o)
 .text.libgcc.mul
                0x00000000        0x0 c:/program files (x86)/atmel/studio/7.0/toolchain/avr8/avr8-gnu-toolchain/bin/../lib/gcc/avr/5.4.0/avr5\libgcc.a(_udivmodsi4.o)
 .text.libgcc   0x00000000        0x0 c:/program files (x86)/atmel/studio/7.0/toolchain/avr8/avr8-gnu-toolchain/bin/../lib/gcc/avr/5.4.0/avr5\libgcc.a(_udivmodsi4.o)
 .text.libgcc.prologue
                0x00000000        0x0 c:/program files (x86)/atmel/studio/7.0/toolchain/avr8/avr8-gnu-toolchain/bin/../lib/gcc/avr/5.4.0/avr5\libgcc.a(_udivmodsi4.o)
 .text.libgcc.builtins
                0x00000000        0x0 c:/program files (x86)/atmel/studio/7.0/toolchain/avr8/avr8-gnu-toolchain/bin/../lib/gcc/avr/5.4.0/avr5\libgcc.a(_udivmodsi4.o)
 .text.libgcc.fmul
                0x00000000        0x0 c:/program files (x86)/atmel/studio/7.0/toolchain/avr8/avr8-gnu-toolchain/bin/../lib/gcc/avr/5.4.0/avr5\libgcc.a(_udivmodsi4.o)
 .text.libgcc.fixed
                0x00000000        0x0 c:/program files (x86)/atmel/studio/7.0/toolchain/avr8/avr8-gnu-toolchain/bin/../lib/gcc/avr/5.4.0/avr5\libgcc.a(_udivmodsi4.o)
 .text          0x00000000        0x0 c:/program files (x86)/atmel/studio/7.0/toolchain/avr8/avr8-gnu-toolchain/bin/../lib/gcc/avr/5.4.0/avr5\libgcc.a(_divmodsi4.o)
 .data          0x00000000        0x0 c:/program files (x86)/atmel/studio/7.0/toolchain/avr8/avr8-gnu-toolchain/bin/../lib/gcc/avr/5.4.0/avr5\libgcc.a(_divmodsi4.o)
 .bss           0x00000000        0x0 c:/program files (x86)/atmel/studio/7.0/toolchain/avr8/avr8-gnu-toolchain/bin/../lib/gcc/avr/5.4.0/avr5\libgcc.a(_divmodsi4.o)
 .text.libgcc.mul
                0x00000000        0x0 c:/program files (x86)/atmel/studio/7.0/toolchain/avr8/avr8-gnu-toolchain/bin/../lib/gcc/avr/5.4.0/avr5\libgcc.a(_divmodsi4.o)
 .text.libgcc   0x00000000        0x0 c:/program files (x86)/atmel/studio/7.0/toolchain/avr8/avr8-gnu-toolchain/bin/../lib/gcc/avr/5.4.0/avr5\libgcc.a(_divmodsi4.o)
 .text.libgcc.prologue
                0x00000000        0x0 c:/program files (x86)/atmel/studio/7.0/toolchain/avr8/avr8-gnu-toolchain/bin/../lib/gcc/avr/5.4.0/avr5\libgcc.a(_divmodsi4.o)
 .text.libgcc.builtins
                0x00000000        0x0 c:/program files (x86)/atmel/studio/7.0/toolchain/avr8/avr8-gnu-toolchain/bin/../lib/gcc/avr/5.4.0/avr5\libgcc.a(_divmodsi4.o)
 .text.libgcc.fmul
                0x00000000        0x0 c:/program files (x86)/atmel/studio/7.0/toolchain/avr8/avr8-gnu-toolchain/bin/../lib/gcc/avr/5.4.0/avr5\libgcc.a(_divmodsi4.o)
 .text.libgcc.fixed
                0x00000000        0x0 c:/program files (x86)/atmel/studio/7.0/toolchain/avr8/avr8-gnu-toolchain/bin/../lib/gcc/avr/5.4.0/avr5\libgcc.a(_divmodsi4.o)
 .text          0x00000000        0x0 c:/program files (x86)/atmel/studio/7.0/toolchain/avr8/avr8-gnu-toolchain/bin/../lib/gcc/avr/5.4.0/avr5\libgcc.a(_negsi2.o)
 .data          0x00000000        0x0 c:/program files (x86)/atmel/studio/7.0/toolchain/avr8/avr8-gnu-toolchain/bin/../lib/gcc/avr/5.4.0/avr5\libgcc.a(_negsi2.o)
 .bss           0x00000000        0x0 c:/program files (x86)/atmel/studio/7.0/toolchain/avr8/avr8-gnu-toolchain/bin/../lib/gcc/avr/5.4.0/avr5\libgcc.a(_negsi2.o)
 .text.libgcc.mul
                0x00000000        0x0 c:/program files (x86)/atmel/studio/7.0/toolchain/avr8/avr8-gnu-toolchain/bin/../lib/gcc/avr/5.4.0/avr5\libgcc.a(_negsi2.o)
 .text.libgcc   0x00000000        0x0 c:/program files (x86)/atmel/studio/7.0/toolchain/avr8/avr8-gnu-toolchain/bin/../lib/gcc/avr/5.4.0/avr5\libgcc.a(_negsi2.o)
 .text.libgcc.prologue
                0x00000000        0x0 c:/program files (x86)/atmel/studio/7.0/toolchain/avr8/avr8-gnu-toolchain/bin/../lib/gcc/avr/5.4.0/avr5\libgcc.a(_negsi2.o)
 .text.libgcc.builtins
                0x00000000        0x0 c:/program files (x86)/atmel/studio/7.0/toolchain/avr8/avr8-gnu-toolchain/bin/../lib/gcc/avr/5.4.0/avr5\libgcc.a(_negsi2.o)
 .text.libgcc.fmul
                0x00000000        0x0 c:/program files (x86)/atmel/studio/7.0/toolchain/avr8/avr8-gnu-toolchain/bin/../lib/gcc/avr/5.4.0/avr5\libgcc.a(_negsi2.o)
 .text.libgcc.fixed
                0x00000000        0x0 c:/program files (x86)/atmel/studio/7.0/toolchain/avr8/avr8-gnu-toolchain/bin/../lib/gcc/avr/5.4.0/avr5\libgcc.a(_negsi2.o)
 .text          0x00000000        0x0 c:/program files (x86)/atmel/studio/7.0/toolchain/avr8/avr8-gnu-toolchain/bin/../lib/gcc/avr/5.4.0/avr5\libgcc.a(_exit.o)
 .data          0x00000000        0x0 c:/program files (x86)/atmel/studio/7.0/toolchain/avr8/avr8-gnu-toolchain/bin/../lib/gcc/avr/5.4.0/avr5\libgcc.a(_exit.o)
 .bss           0x00000000        0x0 c:/program files (x86)/atmel/studio/7.0/toolchain/avr8/avr8-gnu-toolchain/bin/../lib/gcc/avr/5.4.0/avr5\libgcc.a(_exit.o)
 .text.libgcc.mul
                0x00000000        0x0 c:/program files (x86)/atmel/studio/7.0/toolchain/avr8/avr8-gnu-toolchain/bin/../lib/gcc/avr/5.4.0/avr5\libgcc.a(_exit.o)
 .text.libgcc.div
                0x00000000        0x0 c:/program files (x86)/atmel/studio/7.0/toolchain/avr8/avr8-gnu-toolchain/bin/../lib/gcc/avr/5.4.0/avr5\libgcc.a(_exit.o)
 .text.libgcc   0x00000000        0x0 c:/program files (x86)/atmel/studio/7.0/toolchain/avr8/avr8-gnu-toolchain/bin/../lib/gcc/avr/5.4.0/avr5\libgcc.a(_exit.o)
 .text.libgcc.prologue
                0x00000000        0x0 c:/program files (x86)/atmel/studio/7.0/toolchain/avr8/avr8-gnu-toolchain/bin/../lib/gcc/avr/5.4.0/avr5\libgcc.a(_exit.o)
 .text.libgcc.builtins
                0x00000000        0x0 c:/program files (x86)/atmel/studio/7.0/toolchain/avr8/avr8-gnu-toolchain/bin/../lib/gcc/avr/5.4.0/avr5\libgcc.a(_exit.o)
 .text.libgcc.fmul
                0x00000000        0x0 c:/program files (x86)/atmel/studio/7.0/toolchain/avr8/avr8-gnu-toolchain/bin/../lib/gcc/avr/5.4.0/avr5\libgcc.a(_exit.o)
 .text.libgcc.fixed
                0x00000000        0x0 c:/program files (x86)/atmel/studio/7.0/toolchain/avr8/avr8-gnu-toolchain/bin/../lib/gcc/avr/5.4.0/avr5\libgcc.a(_exit.o)
 .text          0x00000000        0x0 c:/program files (x86)/atmel/studio/7.0/toolchain/avr8/avr8-gnu-toolchain/bin/../lib/gcc/avr/5.4.0/avr5\libgcc.a(_tablejump2.o)
 .data          0x00000000        0x0 c:/program files (x86)/atmel/studio/7.0/toolchain/avr8/avr8-gnu-toolchain/bin/../lib/gcc/avr/5.4.0/avr5\libgcc.a(_tablejump2.o)
 .bss           0x00000000        0x0 c:/program files (x86)/atmel/studio/7.0/toolchain/avr8/avr8-gnu-toolchain/bin/../lib/gcc/avr/5.4.0/avr5\libgcc.a(_tablejump2.o)
 .text.libgcc.mul
                0x00000000        0x0 c:/program files (x86)/atmel/studio/7.0/toolchain/avr8/avr8-gnu-toolchain/bin/../lib/gcc/avr/5.4.0/avr5\libgcc.a(_tablejump2.o)
 .text.libgcc.div
                0x00000000        0x0 c:/program files (x86)/atmel/studio/7.0/toolchain/avr8/avr8-gnu-toolchain/bin/../lib/gcc/avr/5.4.0/avr5\libgcc.a(_tablejump2.o)
 .text.libgcc.prologue
                0x00000000        0x0 c:/program files (x86)/atmel/studio/7.0/toolchain/avr8/avr8-gnu-toolchain/bin/../lib/gcc/avr/5.4.0/avr5\libgcc.a(_tablejump2.o)
 .text.libgcc.builtins
                0x00000000        0x0 c:/program files (x86)/atmel/studio/7.0/toolchain/avr8/avr8-gnu-toolchain/bin/../lib/gcc/avr/5.4.0/avr5\libgcc.a(_tablejump2.o)
 .text.libgcc.fmul
                0x00000000        0x0 c:/program files (x86)/atmel/studio/7.0/toolchain/avr8/avr8-gnu-toolchain/bin/../lib/gcc/avr/5.4.0/avr5\libgcc.a(_tablejump2.o)
 .text.libgcc.fixed
                0x00000000        0x0 c:/program files (x86)/atmel/studio/7.0/toolchain/avr8/avr8-gnu-toolchain/bin/../lib/gcc/avr/5.4.0/avr5\libgcc.a(_tablejump2.o)
 .text          0x00000000        0x0 c:/program files (x86)/atmel/studio/7.0/toolchain/avr8/avr8-gnu-toolchain/bin/../lib/gcc/avr/5.4.0/avr5\libgcc.a(_copy_data.o)
 .data          0x00000000        0x0 c:/program files (x86)/atmel/studio/7.0/toolchain/avr8/avr8-gnu-toolchain/bin/../lib/gcc/avr/5.4.0/avr5\libgcc.a(_copy_data.o)
 .bss           0x00000000        0x0 c:/program files (x86)/atmel/studio/7.0/toolchain/avr8/avr8-gnu-toolchain/bin/../lib/gcc/avr/5.4.0/avr5\libgcc.a(_copy_data.o)
 .text.libgcc.mul
                0x00000000        0x0 c:/program files (x86)/atmel/studio/7.0/toolchain/avr8/avr8-gnu-toolchain/bin/../lib/gcc/avr/5.4.0/avr5\libgcc.a(_copy_data.o)
 .text.libgcc.div
                0x00000000        0x0 c:/program files (x86)/atmel/studio/7.0/toolchain/avr8/avr8-gnu-toolchain/bin/../lib/gcc/avr/5.4.0/avr5\libgcc.a(_copy_data.o)
 .text.libgcc   0x00000000        0x0 c:/program files (x86)/atmel/studio/7.0/toolchain/avr8/avr8-gnu-toolchain/bin/../lib/gcc/avr/5.4.0/avr5\libgcc.a(_copy_data.o)
 .text.libgcc.prologue
                0x00000000        0x0 c:/program files (x86)/atmel/studio/7.0/toolchain/avr8/avr8-gnu-toolchain/bin/../lib/gcc/avr/5.4.0/avr5\libgcc.a(_copy_data.o)
 .text.libgcc.builtins
                0x00000000        0x0 c:/program files (x86)/atmel/studio/7.0/toolchain/avr8/avr8-gnu-toolchain/bin/../lib/gcc/avr/5.4.0/avr5\libgcc.a(_copy_data.o)
 .text.libgcc.fmul
                0x00000000        0x0 c:/program files (x86)/atmel/studio/7.0/toolchain/avr8/avr8-gnu-toolchain/bin/../lib/gcc/avr/5.4.0/avr5\libgcc.a(_copy_data.o)
 .text.libgcc.fixed
                0x00000000        0x0 c:/program files (x86)/atmel/studio/7.0/toolchain/avr8/avr8-gnu-toolchain/bin/../lib/gcc/avr/5.4.0/avr5\libgcc.a(_copy_data.o)
 .text          0x00000000        0x0 c:/program files (x86)/atmel/studio/7.0/toolchain/avr8/avr8-gnu-toolchain/bin/../lib/gcc/avr/5.4.0/avr5\libgcc.a(_clear_bss.o)
 .data          0x00000000        0x0 c:/program files (x86)/atmel/studio/7.0/toolchain/avr8/avr8-gnu-toolchain/bin/../lib/gcc/avr/5.4.0/avr5\libgcc.a(_clear_bss.o)
 .bss           0x00000000        0x0 c:/program files (x86)/atmel/studio/7.0/toolchain/avr8/avr8-gnu-toolchain/bin/../lib/gcc/avr/5.4.0/avr5\libgcc.a(_clear_bss.o)
 .text.libgcc.mul
                0x00000000        0x0 c:/program files (x86)/atmel/studio/7.0/toolchain/avr8/avr8-gnu-toolchain/bin/../lib/gcc/avr/5.4.0/avr5\libgcc.a(_clear_bss.o)
 .text.libgcc.div
                0x00000000        0x0 c:/program files (x86)/atmel/studio/7.0/toolchain/avr8/avr8-gnu-toolchain/bin/../lib/gcc/avr/5.4.0/avr5\libgcc.a(_clear_bss.o)
 .text.libgcc   0x00000000        0x0 c:/program files (x86)/atmel/studio/7.0/toolchain/avr8/avr8-gnu-toolchain/bin/../lib/gcc/avr/5.4.0/avr5\libgcc.a(_clear_bss.o)
 .text.libgcc.prologue
                0x00000000        0x0 c:/program files (x86)/atmel/studio/7.0/toolchain/avr8/avr8-gnu-toolchain/bin/../lib/gcc/avr/5.4.0/avr5\libgcc.a(_clear_bss.o)
 .text.libgcc.builtins
                0x00000000        0x0 c:/program files (x86)/atmel/studio/7.0/toolchain/avr8/avr8-gnu-toolchain/bin/../lib/gcc/avr/5.4.0/avr5\libgcc.a(_clear_bss.o)
 .text.libgcc.fmul
                0x00000000        0x0 c:/program files (x86)/atmel/studio/7.0/toolchain/avr8/avr8-gnu-toolchain/bin/../lib/gcc/avr/5.4.0/avr5\libgcc.a(_clear_bss.o)
 .text.libgcc.fixed
                0x00000000        0x0 c:/program files (x86)/atmel/studio/7.0/toolchain/avr8/avr8-gnu-toolchain/bin/../lib/gcc/avr/5.4.0/avr5\libgcc.a(_clear_bss.o)
 .text          0x00000000        0x0 c:/program files (x86)/atmel/studio/7.0/toolchain/avr8/avr8-gnu-toolchain/bin/../lib/gcc/avr/5.4.0/avr5\libgcc.a(_umulhisi3.o)
 .data          0x00000000        0x0 c:/program files (x86)/atmel/studio/7.0/toolchain/avr8/avr8-gnu-toolchain/bin/../lib/gcc/avr/5.4.0/avr5\libgcc.a(_umulhisi3.o)
 .bss           0x00000000        0x0 c:/program files (x86)/atmel/studio/7.0/toolchain/avr8/avr8-gnu-toolchain/bin/../lib/gcc/avr/5.4.0/avr5\libgcc.a(_umulhisi3.o)
 .text.libgcc.div
                0x00000000        0x0 c:/program files (x86)/atmel/studio/7.0/toolchain/avr8/avr8-gnu-toolchain/bin/../lib/gcc/avr/5.4.0/avr5\libgcc.a(_umulhisi3.o)
 .text.libgcc   0x00000000        0x0 c:/program files (x86)/atmel/studio/7.0/toolchain/avr8/avr8-gnu-toolchain/bin/../lib/gcc/avr/5.4.0/avr5\libgcc.a(_umulhisi3.o)
 .text.libgcc.prologue
                0x00000000        0x0 c:/program files (x86)/atmel/studio/7.0/toolchain/avr8/avr8-gnu-toolchain/bin/../lib/gcc/avr/5.4.0/avr5\libgcc.a(_umulhisi3.o)
 .text.libgcc.builtins
                0x00000000        0x0 c:/program files (x86)/atmel/studio/7.0/toolchain/avr8/avr8-gnu-toolchain/bin/../lib/gcc/avr/5.4.0/avr5\libgcc.a(_umulhisi3.o)
 .text.libgcc.fmul
                0x00000000        0x0 c:/program files (x86)/atmel/studio/7.0/toolchain/avr8/avr8-gnu-toolchain/bin/../lib/gcc/avr/5.4.0/avr5\libgcc.a(_umulhisi3.o)
 .text.libgcc.fixed
                0x00000000        0x0 c:/program files (x86)/atmel/studio/7.0/toolchain/avr8/avr8-gnu-toolchain/bin/../lib/gcc/avr/5.4.0/avr5\libgcc.a(_umulhisi3.o)
 .text          0x00000000        0x0 c:/program files (x86)/atmel/studio/7.0/toolchain/avr8/avr8-gnu-toolchain/bin/../lib/gcc/avr/5.4.0/avr5\libgcc.a(_prologue.o)
 .data          0x00000000        0x0 c:/program files (x86)/atmel/studio/7.0/toolchain/avr8/avr8-gnu-toolchain/bin/../lib/gcc/avr/5.4.0/avr5\libgcc.a(_prologue.o)
 .bss           0x00000000        0x0 c:/program files (x86)/atmel/studio/7.0/toolchain/avr8/avr8-gnu-toolchain/bin/../lib/gcc/avr/5.4.0/avr5\libgcc.a(_prologue.o)
 .text.libgcc.mul
                0x00000000        0x0 c:/program files (x86)/atmel/studio/7.0/toolchain/avr8/avr8-gnu-toolchain/bin/../lib/gcc/avr/5.4.0/avr5\libgcc.a(_prologue.o)
 .text.libgcc.div
                0x00000000        0x0 c:/program files (x86)/atmel/studio/7.0/toolchain/avr8/avr8-gnu-toolchain/bin/../lib/gcc/avr/5.4.0/avr5\libgcc.a(_prologue.o)
 .text.libgcc   0x00000000        0x0 c:/program files (x86)/atmel/studio/7.0/toolchain/avr8/avr8-gnu-toolchain/bin/../lib/gcc/avr/5.4.0/avr5\libgcc.a(_prologue.o)
 .text.libgcc.builtins
                0x00000000        0x0 c:/program files (x86)/atmel/studio/7.0/toolchain/avr8/avr8-gnu-toolchain/bin/../lib/gcc/avr/5.4.0/avr5\libgcc.a(_prologue.o)
 .text.libgcc.fmul
                0x00000000        0x0 c:/program files (x86)/atmel/studio/7.0/toolchain/avr8/avr8-gnu-toolchain/bin/../lib/gcc/avr/5.4.0/avr5\libgcc.a(_prologue.o)
 .text.libgcc.fixed
                0x00000000        0x0 c:/program files (x86)/atmel/studio/7.0/toolchain/avr8/avr8-gnu-toolchain/bin/../lib/gcc/avr/5.4.0/avr5\libgcc.a(_prologue.o)
 .text          0x00000000        0x0 c:/program files (x86)/atmel/studio/7.0/toolchain/avr8/avr8-gnu-toolchain/bin/../lib/gcc/avr/5.4.0/avr5\libgcc.a(_epilogue.o)
 .data          0x00000000        0x0 c:/program files (x86)/atmel/studio/7.0/toolchain/avr8/avr8-gnu-toolchain/bin/../lib/gcc/avr/5.4.0/avr5\libgcc.a(_epilogue.o)
 .bss           0x00000000        0x0 c:/program files (x86)/atmel/studio/7.0/toolchain/avr8/avr8-gnu-toolchain/bin/../lib/gcc/avr/5.4.0/avr5\libgcc.a(_epilogue.o)
 .text.libgcc.mul
                0x00000000        0x0 c:/program files (x86)/atmel/studio/7.0/toolchain/avr8/avr8-gnu-toolchain/bin/../lib/gcc/avr/5.4.0/avr5\libgcc.a(_epilogue.o)
 .text.libgcc.div
                0x00000000        0x0 c:/program files (x86)/atmel/studio/7.0/toolchain/avr8/avr8-gnu-toolchain/bin/../lib/gcc/avr/5.4.0/avr5\libgcc.a(_epilogue.o)
 .text.libgcc   0x00000000        0x0 c:/program files (x86)/atmel/studio/7.0/toolchain/avr8/avr8-gnu-toolchain/bin/../lib/gcc/avr/5.4.0/avr5\libgcc.a(_epilogue.o)
 .text.libgcc.builtins
                0x00000000        0x0 c:/program files (x86)/atmel/studio/7.0/toolchain/avr8/avr8-gnu-toolchain/bin/../lib/gcc/avr/5.4.0/avr5\libgcc.a(_epilogue.o)
 .text.libgcc.fmul
                0x00000000        0x0 c:/program files (x86)/atmel/studio/7.0/toolchain/avr8/avr8-gnu-toolchain/bin/../lib/gcc/avr/5.4.0/avr5\libgcc.a(_epilogue.o)
 .text.libgcc.fixed
                0x00000000        0x0 c:/program files (x86)/atmel/studio/7.0/toolchain/avr8/avr8-gnu-toolchain/bin/../lib/gcc/avr/5.4.0/avr5\libgcc.a(_epilogue.o)
 .text          0x00000000        0x0 c:/program files (x86)/atmel/studio/7.0/toolchain/avr8/avr8-gnu-toolchain/bin/../lib/gcc/avr/5.4.0/../../../../avr/lib/avr5\libc.a(ftoa_engine.o)
 .data          0x00000000        0x0 c:/program files (x86)/atmel/studio/7.0/toolchain/avr8/avr8-gnu-toolchain/bin/../lib/gcc/avr/5.4.0/../../../../avr/lib/avr5\libc.a(ftoa_engine.o)
 .bss           0x00000000        0x0 c:/program files (x86)/atmel/studio/7.0/toolchain/avr8/avr8-gnu-toolchain/bin/../lib/gcc/avr/5.4.0/../../../../avr/lib/avr5\libc.a(ftoa_engine.o)
 .text          0x00000000        0x0 c:/program files (x86)/atmel/studio/7.0/toolchain/avr8/avr8-gnu-toolchain/bin/../lib/gcc/avr/5.4.0/../../../../avr/lib/avr5\libc.a(strnlen_P.o)
 .data          0x00000000        0x0 c:/program files (x86)/atmel/studio/7.0/toolchain/avr8/avr8-gnu-toolchain/bin/../lib/gcc/avr/5.4.0/../../../../avr/lib/avr5\libc.a(strnlen_P.o)
 .bss           0x00000000        0x0 c:/program files (x86)/atmel/studio/7.0/toolchain/avr8/avr8-gnu-toolchain/bin/../lib/gcc/avr/5.4.0/../../../../avr/lib/avr5\libc.a(strnlen_P.o)
 .text          0x00000000        0x0 c:/program files (x86)/atmel/studio/7.0/toolchain/avr8/avr8-gnu-toolchain/bin/../lib/gcc/avr/5.4.0/../../../../avr/lib/avr5\libc.a(strcat.o)
 .data          0x00000000        0x0 c:/program files (x86)/atmel/studio/7.0/toolchain/avr8/avr8-gnu-toolchain/bin/../lib/gcc/avr/5.4.0/../../../../avr/lib/avr5\libc.a(strcat.o)
 .bss           0x00000000        0x0 c:/program files (x86)/atmel/studio/7.0/toolchain/avr8/avr8-gnu-toolchain/bin/../lib/gcc/avr/5.4.0/../../../../avr/lib/avr5\libc.a(strcat.o)
 .text          0x00000000        0x0 c:/program files (x86)/atmel/studio/7.0/toolchain/avr8/avr8-gnu-toolchain/bin/../lib/gcc/avr/5.4.0/../../../../avr/lib/avr5\libc.a(strcmp.o)
 .data          0x00000000        0x0 c:/program files (x86)/atmel/studio/7.0/toolchain/avr8/avr8-gnu-toolchain/bin/../lib/gcc/avr/5.4.0/../../../../avr/lib/avr5\libc.a(strcmp.o)
 .bss           0x00000000        0x0 c:/program files (x86)/atmel/studio/7.0/toolchain/avr8/avr8-gnu-toolchain/bin/../lib/gcc/avr/5.4.0/../../../../avr/lib/avr5\libc.a(strcmp.o)
 .text          0x00000000        0x0 c:/program files (x86)/atmel/studio/7.0/toolchain/avr8/avr8-gnu-toolchain/bin/../lib/gcc/avr/5.4.0/../../../../avr/lib/avr5\libc.a(strnlen.o)
 .data          0x00000000        0x0 c:/program files (x86)/atmel/studio/7.0/toolchain/avr8/avr8-gnu-toolchain/bin/../lib/gcc/avr/5.4.0/../../../../avr/lib/avr5\libc.a(strnlen.o)
 .bss           0x00000000        0x0 c:/program files (x86)/atmel/studio/7.0/toolchain/avr8/avr8-gnu-toolchain/bin/../lib/gcc/avr/5.4.0/../../../../avr/lib/avr5\libc.a(strnlen.o)
 .text          0x00000000        0x0 c:/program files (x86)/atmel/studio/7.0/toolchain/avr8/avr8-gnu-toolchain/bin/../lib/gcc/avr/5.4.0/../../../../avr/lib/avr5\libc.a(fputc.o)
 .data          0x00000000        0x0 c:/program files (x86)/atmel/studio/7.0/toolchain/avr8/avr8-gnu-toolchain/bin/../lib/gcc/avr/5.4.0/../../../../avr/lib/avr5\libc.a(fputc.o)
 .bss           0x00000000        0x0 c:/program files (x86)/atmel/studio/7.0/toolchain/avr8/avr8-gnu-toolchain/bin/../lib/gcc/avr/5.4.0/../../../../avr/lib/avr5\libc.a(fputc.o)
 .text          0x00000000        0x0 c:/program files (x86)/atmel/studio/7.0/toolchain/avr8/avr8-gnu-toolchain/bin/../lib/gcc/avr/5.4.0/../../../../avr/lib/avr5\libc.a(ultoa_invert.o)
 .data          0x00000000        0x0 c:/program files (x86)/atmel/studio/7.0/toolchain/avr8/avr8-gnu-toolchain/bin/../lib/gcc/avr/5.4.0/../../../../avr/lib/avr5\libc.a(ultoa_invert.o)
 .bss           0x00000000        0x0 c:/program files (x86)/atmel/studio/7.0/toolchain/avr8/avr8-gnu-toolchain/bin/../lib/gcc/avr/5.4.0/../../../../avr/lib/avr5\libc.a(ultoa_invert.o)

Memory Configuration

Name             Origin             Length             Attributes
text             0x00000000         0x00008000         xr
data             0x00800060         0x00000800         rw !x
eeprom           0x00810000         0x00000400         rw !x
fuse             0x00820000         0x00000002         rw !x
lock             0x00830000         0x00000400         rw !x
signature        0x00840000         0x00000400         rw !x
user_signatures  0x00850000         0x00000400         rw !x
*default*        0x00000000         0xffffffff

Linker script and memory map

LOAD C:/Program Files (x86)/Atmel/Studio/7.0/Packs/atmel/ATmega_DFP/1.6.364/gcc/dev/atmega32/avr5/crtatmega32.o
LOAD App/main.o
LOAD Hal/Buzzer/Buzzer.o
LOAD Hal/Dimmer/Dimmer_Light.o
LOAD Hal/Ext_Eeprom/Ext_Eeprom.o
LOAD Hal/Keypad/KeyPad.o
LOAD Hal/Lcd/Lcd.o
LOAD Hal/Motor/DcMotor.o
LOAD Hal/Relay/Relay.o
LOAD Hal/Servo/Servo.o
LOAD Hal/TempSensor/TempSensor.o
LOAD Mcal/Adc/Adc.o
LOAD Mcal/Dio/Dio.o
LOAD Mcal/Timer0/Timer0.o
LOAD Mcal/Timer1/Timer__1.o
LOAD Mcal/Twi/Twi.o
LOAD Mcal/Uart/Uart.o
START GROUP
LOAD c:/program files (x86)/atmel/studio/7.0/toolchain/avr8/avr8-gnu-toolchain/bin/../lib/gcc/avr/5.4.0/../../../../avr/lib/avr5\libm.a
END GROUP
LOAD c:/program files (x86)/atmel/studio/7.0/toolchain/avr8/avr8-gnu-toolchain/bin/../lib/gcc/avr/5.4.0/../../../../avr/lib/avr5\libprintf_flt.a
START GROUP
LOAD c:/program files (x86)/atmel/studio/7.0/toolchain/avr8/avr8-gnu-toolchain/bin/../lib/gcc/avr/5.4.0/avr5\libgcc.a
LOAD c:/program files (x86)/atmel/studio/7.0/toolchain/avr8/avr8-gnu-toolchain/bin/../lib/gcc/avr/5.4.0/../../../../avr/lib/avr5\libm.a
LOAD c:/program files (x86)/atmel/studio/7.0/toolchain/avr8/avr8-gnu-toolchain/bin/../lib/gcc/avr/5.4.0/../../../../avr/lib/avr5\libc.a
LOAD C:/Program Files (x86)/Atmel/Studio/7.0/Packs/atmel/ATmega_DFP/1.6.364/gcc/dev/atmega32/avr5\libatmega32.a
END GROUP
                0x00000000                __TEXT_REGION_ORIGIN__ = DEFINED (__TEXT_REGION_ORIGIN__)?__TEXT_REGION_ORIGIN__:0x0
                [0x00800060]                __DATA_REGION_ORIGIN__ = DEFINED (__DATA_REGION_ORIGIN__)?__DATA_REGION_ORIGIN__:0x800060
                [0x00008000]                __TEXT_REGION_LENGTH__ = DEFINED (__TEXT_REGION_LENGTH__)?__TEXT_REGION_LENGTH__:0x20000
                [0x00000800]                __DATA_REGION_LENGTH__ = DEFINED (__DATA_REGION_LENGTH__)?__DATA_REGION_LENGTH__:0xffa0
                [0x00000400]                __EEPROM_REGION_LENGTH__ = DEFINED (__EEPROM_REGION_LENGTH__)?__EEPROM_REGION_LENGTH__:0x10000
                [0x00000002]                __FUSE_REGION_LENGTH__ = DEFINED (__FUSE_REGION_LENGTH__)?__FUSE_REGION_LENGTH__:0x400
                0x00000400                __LOCK_REGION_LENGTH__ = DEFINED (__LOCK_REGION_LENGTH__)?__LOCK_REGION_LENGTH__:0x400
                0x00000400                __SIGNATURE_REGION_LENGTH__ = DEFINED (__SIGNATURE_REGION_LENGTH__)?__SIGNATURE_REGION_LENGTH__:0x400
                0x00000400                __USER_SIGNATURE_REGION_LENGTH__ = DEFINED (__USER_SIGNATURE_REGION_LENGTH__)?__USER_SIGNATURE_REGION_LENGTH__:0x400

.hash
 *(.hash)

.dynsym
 *(.dynsym)

.dynstr
 *(.dynstr)

.gnu.version
 *(.gnu.version)

.gnu.version_d
 *(.gnu.version_d)

.gnu.version_r
 *(.gnu.version_r)

.rel.init
 *(.rel.init)

.rela.init
 *(.rela.init)

.rel.text
 *(.rel.text)
 *(.rel.text.*)
 *(.rel.gnu.linkonce.t*)

.rela.text
 *(.rela.text)
 *(.rela.text.*)
 *(.rela.gnu.linkonce.t*)

.rel.fini
 *(.rel.fini)

.rela.fini
 *(.rela.fini)

.rel.rodata
 *(.rel.rodata)
 *(.rel.rodata.*)
 *(.rel.gnu.linkonce.r*)

.rela.rodata
 *(.rela.rodata)
 *(.rela.rodata.*)
 *(.rela.gnu.linkonce.r*)

.rel.data
 *(.rel.data)
 *(.rel.data.*)
 *(.rel.gnu.linkonce.d*)

.rela.data
 *(.rela.data)
 *(.rela.data.*)
 *(.rela.gnu.linkonce.d*)

.rel.ctors
 *(.rel.ctors)

.rela.ctors
 *(.rela.ctors)

.rel.dtors
 *(.rel.dtors)

.rela.dtors
 *(.rela.dtors)

.rel.got
 *(.rel.got)

.rela.got
 *(.rela.got)

.rel.bss
 *(.rel.bss)

.rela.bss
 *(.rela.bss)

.rel.plt
 *(.rel.plt)

.rela.plt
 *(.rela.plt)

.text           0x00000000     0x284c
 *(.vectors)
 .vectors       0x00000000       0x54 C:/Program Files (x86)/Atmel/Studio/7.0/Packs/atmel/ATmega_DFP/1.6.364/gcc/dev/atmega32/avr5/crtatmega32.o
                0x00000000                __vector_default
                0x00000000                __vectors
 *(.vectors)
 *(.progmem.gcc*)
 .progmem.gcc_sw_table.A_TimerCtc_Interrupt_Task
                0x00000054       0x52 App/main.o
                0x000000a6                . = ALIGN (0x2)
                0x000000a6                __trampolines_start = .
 *(.trampolines)
 .trampolines   0x000000a6        0x0 linker stubs
 *(.trampolines*)
                0x000000a6                __trampolines_end = .
 *libprintf_flt.a:*(.progmem.data)
 .progmem.data  0x000000a6        0x8 c:/program files (x86)/atmel/studio/7.0/toolchain/avr8/avr8-gnu-toolchain/bin/../lib/gcc/avr/5.4.0/../../../../avr/lib/avr5\libprintf_flt.a(vfprintf_flt.o)
 *libc.a:*(.progmem.data)
 .progmem.data  0x000000ae       0xfa c:/program files (x86)/atmel/studio/7.0/toolchain/avr8/avr8-gnu-toolchain/bin/../lib/gcc/avr/5.4.0/../../../../avr/lib/avr5\libc.a(ftoa_engine.o)
 *(.progmem*)
                0x000001a8                . = ALIGN (0x2)
 *(.jumptables)
 *(.jumptables*)
 *(.lowtext)
 *(.lowtext*)
                0x000001a8                __ctors_start = .
 *(.ctors)
                0x000001a8                __ctors_end = .
                0x000001a8                __dtors_start = .
 *(.dtors)
                0x000001a8                __dtors_end = .
 SORT(*)(.ctors)
 SORT(*)(.dtors)
 *(.init0)
 .init0         0x000001a8        0x0 C:/Program Files (x86)/Atmel/Studio/7.0/Packs/atmel/ATmega_DFP/1.6.364/gcc/dev/atmega32/avr5/crtatmega32.o
                0x000001a8                __init
 *(.init0)
 *(.init1)
 *(.init1)
 *(.init2)
 .init2         0x000001a8        0xc C:/Program Files (x86)/Atmel/Studio/7.0/Packs/atmel/ATmega_DFP/1.6.364/gcc/dev/atmega32/avr5/crtatmega32.o
 *(.init2)
 *(.init3)
 *(.init3)
 *(.init4)
 .init4         0x000001b4       0x16 c:/program files (x86)/atmel/studio/7.0/toolchain/avr8/avr8-gnu-toolchain/bin/../lib/gcc/avr/5.4.0/avr5\libgcc.a(_copy_data.o)
                0x000001b4                __do_copy_data
 .init4         0x000001ca       0x10 c:/program files (x86)/atmel/studio/7.0/toolchain/avr8/avr8-gnu-toolchain/bin/../lib/gcc/avr/5.4.0/avr5\libgcc.a(_clear_bss.o)
                0x000001ca                __do_clear_bss
 *(.init4)
 *(.init5)
 *(.init5)
 *(.init6)
 *(.init6)
 *(.init7)
 *(.init7)
 *(.init8)
 *(.init8)
 *(.init9)
 .init9         0x000001da        0x8 C:/Program Files (x86)/Atmel/Studio/7.0/Packs/atmel/ATmega_DFP/1.6.364/gcc/dev/atmega32/avr5/crtatmega32.o
 *(.init9)
 *(.text)
 .text          0x000001e2        0x4 C:/Program Files (x86)/Atmel/Studio/7.0/Packs/atmel/ATmega_DFP/1.6.364/gcc/dev/atmega32/avr5/crtatmega32.o
                0x000001e2                __vector_1
                0x000001e2                __vector_12
                0x000001e2                __bad_interrupt
                0x000001e2                __vector_6
                0x000001e2                __vector_3
                0x000001e2                __vector_11
                0x000001e2                __vector_17
                0x000001e2                __vector_19
                0x000001e2                __vector_7
                0x000001e2                __vector_5
                0x000001e2                __vector_4
                0x000001e2                __vector_9
                0x000001e2                __vector_2
                0x000001e2                __vector_15
                0x000001e2                __vector_8
                0x000001e2                __vector_14
                0x000001e2                __vector_16
                0x000001e2                __vector_18
                0x000001e2                __vector_20
                0x000001e6                . = ALIGN (0x2)
 *(.text.*)
 .text.A_UartRxInerrupt_Task
                0x000001e6      0x16e App/main.o
                0x000001e6                A_UartRxInerrupt_Task
 .text.A_TimerCtc_Interrupt_Task
                0x00000354      0x2b2 App/main.o
                0x00000354                A_TimerCtc_Interrupt_Task
 .text.A_Alarm  0x00000606       0x5c App/main.o
                0x00000606                A_Alarm
 .text.A_Show_Status
                0x00000662      0x10e App/main.o
                0x00000662                A_Show_Status
 .text.main     0x00000770      0x804 App/main.o
                0x00000770                main
 .text.H_Buzzer_Init
                0x00000f74        0xa Hal/Buzzer/Buzzer.o
                0x00000f74                H_Buzzer_Init
 .text.H_Buzzer_On
                0x00000f7e        0xa Hal/Buzzer/Buzzer.o
                0x00000f7e                H_Buzzer_On
 .text.H_Dimmer_Light_Init
                0x00000f88       0x12 Hal/Dimmer/Dimmer_Light.o
                0x00000f88                H_Dimmer_Light_Init
 .text.H_Dimmer_Light_SetLight_Intense
                0x00000f9a        0x6 Hal/Dimmer/Dimmer_Light.o
                0x00000f9a                H_Dimmer_Light_SetLight_Intense
 .text.H_Dimmer_Light_Start
                0x00000fa0        0x6 Hal/Dimmer/Dimmer_Light.o
                0x00000fa0                H_Dimmer_Light_Start
 .text.H_KeyPad_Init
                0x00000fa6       0x82 Hal/Keypad/KeyPad.o
                0x00000fa6                H_KeyPad_Init
 .text.H_KeyPad_Read
                0x00001028       0xc0 Hal/Keypad/KeyPad.o
                0x00001028                H_KeyPad_Read
 .text.H_Lcd_WriteCharacter
                0x000010e8       0x7c Hal/Lcd/Lcd.o
                0x000010e8                H_Lcd_WriteCharacter
 .text.H_Lcd_WriteCommand
                0x00001164       0x7c Hal/Lcd/Lcd.o
                0x00001164                H_Lcd_WriteCommand
 .text.H_Lcd_Init
                0x000011e0       0x78 Hal/Lcd/Lcd.o
                0x000011e0                H_Lcd_Init
 .text.H_Lcd_WriteString
                0x00001258       0x26 Hal/Lcd/Lcd.o
                0x00001258                H_Lcd_WriteString
 .text.H_Lcd_Clr
                0x0000127e        0x8 Hal/Lcd/Lcd.o
                0x0000127e                H_Lcd_Clr
 .text.H_Lcd_GoTo
                0x00001286       0x30 Hal/Lcd/Lcd.o
                0x00001286                H_Lcd_GoTo
 .text.H_Lcd_ShiftLeft
                0x000012b6        0x8 Hal/Lcd/Lcd.o
                0x000012b6                H_Lcd_ShiftLeft
 .text.H_DcMotor_Init
                0x000012be        0xa Hal/Motor/DcMotor.o
                0x000012be                H_DcMotor_Init
 .text.H_DcMotor_Stop
                0x000012c8        0xa Hal/Motor/DcMotor.o
                0x000012c8                H_DcMotor_Stop
 .text.H_DcMotor_Start
                0x000012d2        0xa Hal/Motor/DcMotor.o
                0x000012d2                H_DcMotor_Start
 .text.H_Relay_Init
                0x000012dc        0x8 Hal/Relay/Relay.o
                0x000012dc                H_Relay_Init
 .text.H_Relay_On
                0x000012e4        0x8 Hal/Relay/Relay.o
                0x000012e4                H_Relay_On
 .text.H_Relay_Off
                0x000012ec        0x8 Hal/Relay/Relay.o
                0x000012ec                H_Relay_Off
 .text.H_ServoMotor_Init
                0x000012f4       0x12 Hal/Servo/Servo.o
                0x000012f4                H_ServoMotor_Init
 .text.H_ServoMotor_SetPosition
                0x00001306       0x1a Hal/Servo/Servo.o
                0x00001306                H_ServoMotor_SetPosition
 .text.H_ServoMotor_Start
                0x00001320        0x6 Hal/Servo/Servo.o
                0x00001320                H_ServoMotor_Start
 .text.H_TempSensor_Init
                0x00001326        0x6 Hal/TempSensor/TempSensor.o
                0x00001326                H_TempSensor_Init
 .text.H_TempSensor_Read
                0x0000132c       0x1e Hal/TempSensor/TempSensor.o
                0x0000132c                H_TempSensor_Read
 .text.M_Adc_Init
                0x0000134a       0x50 Mcal/Adc/Adc.o
                0x0000134a                M_Adc_Init
 .text.M_Adc_Read
                0x0000139a       0x10 Mcal/Adc/Adc.o
                0x0000139a                M_Adc_Read
 .text.M_Dio_PinMode
                0x000013aa      0x112 Mcal/Dio/Dio.o
                0x000013aa                M_Dio_PinMode
 .text.M_Dio_PinWrite
                0x000014bc      0x112 Mcal/Dio/Dio.o
                0x000014bc                M_Dio_PinWrite
 .text.M_Dio_PinRead
                0x000015ce       0x88 Mcal/Dio/Dio.o
                0x000015ce                M_Dio_PinRead
 .text.M_Dio_PinPullUpRes
                0x00001656      0x112 Mcal/Dio/Dio.o
                0x00001656                M_Dio_PinPullUpRes
 .text.M_Timer0_Init
                0x00001768       0x16 Mcal/Timer0/Timer0.o
                0x00001768                M_Timer0_Init
 .text.M_Timer0_SetCallBack
                0x0000177e        0xa Mcal/Timer0/Timer0.o
                0x0000177e                M_Timer0_SetCallBack
 .text.__vector_10
                0x00001788       0x4e Mcal/Timer0/Timer0.o
                0x00001788                __vector_10
 .text.M_Timer1_PWM_Control_Mode
                0x000017d6        0x6 Mcal/Timer1/Timer__1.o
                0x000017d6                M_Timer1_PWM_Control_Mode
 .text.M_Timer1_PWMInit
                0x000017dc       0x4c Mcal/Timer1/Timer__1.o
                0x000017dc                M_Timer1_PWMInit
 .text.M_Timer1_PWM_SetFrequency
                0x00001828       0x3c Mcal/Timer1/Timer__1.o
                0x00001828                M_Timer1_PWM_SetFrequency
 .text.M_Timer1_PWM_SetDutyCycle
                0x00001864       0x5e Mcal/Timer1/Timer__1.o
                0x00001864                M_Timer1_PWM_SetDutyCycle
 .text.M_Timer1_Start
                0x000018c2       0x14 Mcal/Timer1/Timer__1.o
                0x000018c2                M_Timer1_Start
 .text.M_Timer1_Pwm_Start
                0x000018d6        0x6 Mcal/Timer1/Timer__1.o
                0x000018d6                M_Timer1_Pwm_Start
 .text.M_Uart_Init
                0x000018dc       0x3e Mcal/Uart/Uart.o
                0x000018dc                M_Uart_Init
 .text.M_Uart_Transmit
                0x0000191a       0x14 Mcal/Uart/Uart.o
                0x0000191a                M_Uart_Transmit
 .text.M_Uart_SendString
                0x0000192e       0x3e Mcal/Uart/Uart.o
                0x0000192e                M_Uart_SendString
 .text.M_Uart_SetCallBack
                0x0000196c        0xa Mcal/Uart/Uart.o
                0x0000196c                M_Uart_SetCallBack
 .text.__vector_13
                0x00001976       0x4e Mcal/Uart/Uart.o
                0x00001976                __vector_13
 .text.avr-libc.fplib
                0x000019c4        0x8 c:/program files (x86)/atmel/studio/7.0/toolchain/avr8/avr8-gnu-toolchain/bin/../lib/gcc/avr/5.4.0/../../../../avr/lib/avr5\libm.a(divsf3.o)
                0x000019c4                __divsf3
 .text.avr-libc.fplib
                0x000019cc       0xdc c:/program files (x86)/atmel/studio/7.0/toolchain/avr8/avr8-gnu-toolchain/bin/../lib/gcc/avr/5.4.0/../../../../avr/lib/avr5\libm.a(divsf3x.o)
                0x000019ec                __divsf3x
                0x000019f2                __divsf3_pse
 .text.avr-libc.fplib
                0x00001aa8       0x5e c:/program files (x86)/atmel/studio/7.0/toolchain/avr8/avr8-gnu-toolchain/bin/../lib/gcc/avr/5.4.0/../../../../avr/lib/avr5\libm.a(fixunssfsi.o)
                0x00001aa8                __fixunssfsi
 .text.avr-libc.fplib
                0x00001b06       0x7a c:/program files (x86)/atmel/studio/7.0/toolchain/avr8/avr8-gnu-toolchain/bin/../lib/gcc/avr/5.4.0/../../../../avr/lib/avr5\libm.a(floatsisf.o)
                0x00001b06                __floatunsisf
                0x00001b0a                __floatsisf
 .text.avr-libc.fplib
                0x00001b80        0xc c:/program files (x86)/atmel/studio/7.0/toolchain/avr8/avr8-gnu-toolchain/bin/../lib/gcc/avr/5.4.0/../../../../avr/lib/avr5\libm.a(fp_inf.o)
                0x00001b80                __fp_inf
 .text.avr-libc.fplib
                0x00001b8c        0x6 c:/program files (x86)/atmel/studio/7.0/toolchain/avr8/avr8-gnu-toolchain/bin/../lib/gcc/avr/5.4.0/../../../../avr/lib/avr5\libm.a(fp_nan.o)
                0x00001b8c                __fp_nan
 .text.avr-libc.fplib
                0x00001b92        0xe c:/program files (x86)/atmel/studio/7.0/toolchain/avr8/avr8-gnu-toolchain/bin/../lib/gcc/avr/5.4.0/../../../../avr/lib/avr5\libm.a(fp_pscA.o)
                0x00001b92                __fp_pscA
 .text.avr-libc.fplib
                0x00001ba0        0xe c:/program files (x86)/atmel/studio/7.0/toolchain/avr8/avr8-gnu-toolchain/bin/../lib/gcc/avr/5.4.0/../../../../avr/lib/avr5\libm.a(fp_pscB.o)
                0x00001ba0                __fp_pscB
 .text.avr-libc.fplib
                0x00001bae       0x22 c:/program files (x86)/atmel/studio/7.0/toolchain/avr8/avr8-gnu-toolchain/bin/../lib/gcc/avr/5.4.0/../../../../avr/lib/avr5\libm.a(fp_round.o)
                0x00001bae                __fp_round
 .text.avr-libc.fplib
                0x00001bd0       0x44 c:/program files (x86)/atmel/studio/7.0/toolchain/avr8/avr8-gnu-toolchain/bin/../lib/gcc/avr/5.4.0/../../../../avr/lib/avr5\libm.a(fp_split3.o)
                0x00001bd0                __fp_split3
                0x00001be0                __fp_splitA
 .text.avr-libc.fplib
                0x00001c14        0xe c:/program files (x86)/atmel/studio/7.0/toolchain/avr8/avr8-gnu-toolchain/bin/../lib/gcc/avr/5.4.0/../../../../avr/lib/avr5\libm.a(fp_zero.o)
                0x00001c14                __fp_zero
                0x00001c16                __fp_szero
 .text.avr-libc.fplib
                0x00001c22        0x8 c:/program files (x86)/atmel/studio/7.0/toolchain/avr8/avr8-gnu-toolchain/bin/../lib/gcc/avr/5.4.0/../../../../avr/lib/avr5\libm.a(mulsf3.o)
                0x00001c22                __mulsf3
 .text.avr-libc.fplib
                0x00001c2a       0xd2 c:/program files (x86)/atmel/studio/7.0/toolchain/avr8/avr8-gnu-toolchain/bin/../lib/gcc/avr/5.4.0/../../../../avr/lib/avr5\libm.a(mulsf3x.o)
                0x00001c48                __mulsf3x
                0x00001c4e                __mulsf3_pse
 .text.avr-libc
                0x00001cfc      0x6fa c:/program files (x86)/atmel/studio/7.0/toolchain/avr8/avr8-gnu-toolchain/bin/../lib/gcc/avr/5.4.0/../../../../avr/lib/avr5\libprintf_flt.a(vfprintf_flt.o)
                0x00001cfc                vfprintf
 .text.libgcc.div
                0x000023f6       0x44 c:/program files (x86)/atmel/studio/7.0/toolchain/avr8/avr8-gnu-toolchain/bin/../lib/gcc/avr/5.4.0/avr5\libgcc.a(_udivmodsi4.o)
                0x000023f6                __udivmodsi4
 .text.libgcc.div
                0x0000243a       0x2e c:/program files (x86)/atmel/studio/7.0/toolchain/avr8/avr8-gnu-toolchain/bin/../lib/gcc/avr/5.4.0/avr5\libgcc.a(_divmodsi4.o)
                0x0000243a                __divmodsi4
 .text.libgcc.div
                0x00002468       0x10 c:/program files (x86)/atmel/studio/7.0/toolchain/avr8/avr8-gnu-toolchain/bin/../lib/gcc/avr/5.4.0/avr5\libgcc.a(_negsi2.o)
                0x00002468                __negsi2
 .text.libgcc   0x00002478        0xc c:/program files (x86)/atmel/studio/7.0/toolchain/avr8/avr8-gnu-toolchain/bin/../lib/gcc/avr/5.4.0/avr5\libgcc.a(_tablejump2.o)
                0x00002478                __tablejump2__
 .text.libgcc.mul
                0x00002484       0x1e c:/program files (x86)/atmel/studio/7.0/toolchain/avr8/avr8-gnu-toolchain/bin/../lib/gcc/avr/5.4.0/avr5\libgcc.a(_umulhisi3.o)
                0x00002484                __umulhisi3
 .text.libgcc.prologue
                0x000024a2       0x38 c:/program files (x86)/atmel/studio/7.0/toolchain/avr8/avr8-gnu-toolchain/bin/../lib/gcc/avr/5.4.0/avr5\libgcc.a(_prologue.o)
                0x000024a2                __prologue_saves__
 .text.libgcc.prologue
                0x000024da       0x36 c:/program files (x86)/atmel/studio/7.0/toolchain/avr8/avr8-gnu-toolchain/bin/../lib/gcc/avr/5.4.0/avr5\libgcc.a(_epilogue.o)
                0x000024da                __epilogue_restores__
 .text.avr-libc
                0x00002510      0x1b0 c:/program files (x86)/atmel/studio/7.0/toolchain/avr8/avr8-gnu-toolchain/bin/../lib/gcc/avr/5.4.0/../../../../avr/lib/avr5\libc.a(ftoa_engine.o)
                0x00002510                __ftoa_engine
 .text.avr-libc
                0x000026c0       0x16 c:/program files (x86)/atmel/studio/7.0/toolchain/avr8/avr8-gnu-toolchain/bin/../lib/gcc/avr/5.4.0/../../../../avr/lib/avr5\libc.a(strnlen_P.o)
                0x000026c0                strnlen_P
 .text.avr-libc
                0x000026d6       0x16 c:/program files (x86)/atmel/studio/7.0/toolchain/avr8/avr8-gnu-toolchain/bin/../lib/gcc/avr/5.4.0/../../../../avr/lib/avr5\libc.a(strcat.o)
                0x000026d6                strcat
 .text.avr-libc
                0x000026ec       0x12 c:/program files (x86)/atmel/studio/7.0/toolchain/avr8/avr8-gnu-toolchain/bin/../lib/gcc/avr/5.4.0/../../../../avr/lib/avr5\libc.a(strcmp.o)
                0x000026ec                strcmp
 .text.avr-libc
                0x000026fe       0x16 c:/program files (x86)/atmel/studio/7.0/toolchain/avr8/avr8-gnu-toolchain/bin/../lib/gcc/avr/5.4.0/../../../../avr/lib/avr5\libc.a(strnlen.o)
                0x000026fe                strnlen
 .text.avr-libc
                0x00002714       0x78 c:/program files (x86)/atmel/studio/7.0/toolchain/avr8/avr8-gnu-toolchain/bin/../lib/gcc/avr/5.4.0/../../../../avr/lib/avr5\libc.a(fputc.o)
                0x00002714                fputc
 .text.avr-libc
                0x0000278c       0xbc c:/program files (x86)/atmel/studio/7.0/toolchain/avr8/avr8-gnu-toolchain/bin/../lib/gcc/avr/5.4.0/../../../../avr/lib/avr5\libc.a(ultoa_invert.o)
                0x0000278c                __ultoa_invert
                0x00002848                . = ALIGN (0x2)
 *(.fini9)
 .fini9         0x00002848        0x0 c:/program files (x86)/atmel/studio/7.0/toolchain/avr8/avr8-gnu-toolchain/bin/../lib/gcc/avr/5.4.0/avr5\libgcc.a(_exit.o)
                0x00002848                _exit
                0x00002848                exit
 *(.fini9)
 *(.fini8)
 *(.fini8)
 *(.fini7)
 *(.fini7)
 *(.fini6)
 *(.fini6)
 *(.fini5)
 *(.fini5)
 *(.fini4)
 *(.fini4)
 *(.fini3)
 *(.fini3)
 *(.fini2)
 *(.fini2)
 *(.fini1)
 *(.fini1)
 *(.fini0)
 .fini0         0x00002848        0x4 c:/program files (x86)/atmel/studio/7.0/toolchain/avr8/avr8-gnu-toolchain/bin/../lib/gcc/avr/5.4.0/avr5\libgcc.a(_exit.o)
 *(.fini0)
                0x0000284c                _etext = .

.data           0x00800060      0x2ec load address 0x0000284c
                0x00800060                PROVIDE (__data_start, .)
 *(.data)
 *(.data*)
 .data.light_intensity
                0x00800060        0x1 App/main.o
                0x00800060                light_intensity
 .data.user7_id
                0x00800061        0x2 App/main.o
                0x00800061                user7_id
 .data.user6_id
                0x00800063        0x2 App/main.o
                0x00800063                user6_id
 .data.user5_id
                0x00800065        0x2 App/main.o
                0x00800065                user5_id
 .data.user4_id
                0x00800067        0x2 App/main.o
                0x00800067                user4_id
 .data.user3_id
                0x00800069        0x2 App/main.o
                0x00800069                user3_id
 .data.user2_id
                0x0080006b        0x2 App/main.o
                0x0080006b                user2_id
 .data.user1_id
                0x0080006d        0x2 App/main.o
                0x0080006d                user1_id
 .data.ordinary_password
                0x0080006f        0x5 App/main.o
                0x0080006f                ordinary_password
 .data.admin_password
                0x00800074        0x5 App/main.o
                0x00800074                admin_password
 .data.admin_username
                0x00800079        0x6 App/main.o
                0x00800079                admin_username
 .data.Timer1_Prescaler
                0x0080007f        0x1 Mcal/Timer1/Timer__1.o
                0x0080007f                Timer1_Prescaler
 *(.gnu.linkonce.d*)
 *(.rodata)
 .rodata        0x00800080       0x10 Hal/Keypad/KeyPad.o
 *(.rodata*)
 .rodata.str1.1
                0x00800090      0x2bb App/main.o
                                0x2c8 (size before relaxing)
 *(.gnu.linkonce.r*)
                0x0080034c                . = ALIGN (0x2)
 *fill*         0x0080034b        0x1 
                0x0080034c                _edata = .
                0x0080034c                PROVIDE (__data_end, .)

.bss            0x0080034c       0x4f
                0x0080034c                PROVIDE (__bss_start, .)
 *(.bss)
 *(.bss*)
 .bss.Local_u8_PassCnt.2099
                0x0080034c        0x1 App/main.o
 .bss.pass.2101
                0x0080034d       0x10 App/main.o
 .bss.user.2100
                0x0080035d       0x10 App/main.o
 .bss.Local_u8_UserCnt.2098
                0x0080036d        0x1 App/main.o
 .bss.temp.2102
                0x0080036e        0x1 App/main.o
 .bss.Status_flag
                0x0080036f        0x1 App/main.o
                0x0080036f                Status_flag
 .bss.user_flag
                0x00800370        0x1 App/main.o
                0x00800370                user_flag
 .bss.control_flag
                0x00800371        0x1 App/main.o
                0x00800371                control_flag
 .bss.flag      0x00800372        0x1 App/main.o
                0x00800372                flag
 .bss.password  0x00800373       0x10 App/main.o
                0x00800373                password
 .bss.username  0x00800383       0x11 App/main.o
                0x00800383                username
 .bss._Callback
                0x00800394        0x2 Mcal/Timer0/Timer0.o
                0x00800394                _Callback
 .bss.Choose_Control_Mode
                0x00800396        0x1 Mcal/Timer1/Timer__1.o
                0x00800396                Choose_Control_Mode
 .bss.Callback  0x00800397        0x2 Mcal/Uart/Uart.o
                0x00800397                Callback
 *(COMMON)
 COMMON         0x00800399        0x2 App/main.o
                0x00800399                x
                0x0080039a                A_Cnt
                0x0080039b                PROVIDE (__bss_end, .)
                0x0000284c                __data_load_start = LOADADDR (.data)
                0x00002b38                __data_load_end = (__data_load_start + SIZEOF (.data))

.noinit         0x0080039b        0x0
                [!provide]                PROVIDE (__noinit_start, .)
 *(.noinit*)
                [!provide]                PROVIDE (__noinit_end, .)
                0x0080039b                _end = .
                [!provide]                PROVIDE (__heap_start, .)

.eeprom         0x00810000        0x0
 *(.eeprom*)
                0x00810000                __eeprom_end = .

.fuse
 *(.fuse)
 *(.lfuse)
 *(.hfuse)
 *(.efuse)

.lock
 *(.lock*)

.signature
 *(.signature*)

.user_signatures
 *(.user_signatures*)

.stab
 *(.stab)

.stabstr
 *(.stabstr)

.stab.excl
 *(.stab.excl)

.stab.exclstr
 *(.stab.exclstr)

.stab.index
 *(.stab.index)

.stab.indexstr
 *(.stab.indexstr)

.comment        0x00000000       0x5c
 *(.comment)
 .comment       0x00000000       0x30 App/main.o
                                 0x31 (size before relaxing)
 .comment       0x00000030       0x31 Hal/Buzzer/Buzzer.o
 .comment       0x00000030       0x31 Hal/Dimmer/Dimmer_Light.o
 .comment       0x00000030       0x31 Hal/Keypad/KeyPad.o
 .comment       0x00000030       0x31 Hal/Lcd/Lcd.o
 .comment       0x00000030       0x31 Hal/Motor/DcMotor.o
 .comment       0x00000030       0x31 Hal/Relay/Relay.o
 .comment       0x00000030       0x31 Hal/Servo/Servo.o
 .comment       0x00000030       0x31 Hal/TempSensor/TempSensor.o
 .comment       0x00000030       0x31 Mcal/Adc/Adc.o
 .comment       0x00000030       0x31 Mcal/Dio/Dio.o
 .comment       0x00000030       0x31 Mcal/Timer0/Timer0.o
 .comment       0x00000030       0x31 Mcal/Timer1/Timer__1.o
 .comment       0x00000030       0x31 Mcal/Uart/Uart.o
 .comment       0x00000030       0x2c c:/program files (x86)/atmel/studio/7.0/toolchain/avr8/avr8-gnu-toolchain/bin/../lib/gcc/avr/5.4.0/../../../../avr/lib/avr5\libprintf_flt.a(vfprintf_flt.o)
                                 0x2d (size before relaxing)
 .comment       0x0000005c       0x31 c:/program files (x86)/atmel/studio/7.0/toolchain/avr8/avr8-gnu-toolchain/bin/../lib/gcc/avr/5.4.0/../../../../avr/lib/avr5\libc.a(fputc.o)

.note.gnu.avr.deviceinfo
                0x00000000       0x3c
 .note.gnu.avr.deviceinfo
                0x00000000       0x3c C:/Program Files (x86)/Atmel/Studio/7.0/Packs/atmel/ATmega_DFP/1.6.364/gcc/dev/atmega32/avr5/crtatmega32.o

.note.gnu.build-id
 *(.note.gnu.build-id)

.debug
 *(.debug)

.line
 *(.line)

.debug_srcinfo
 *(.debug_srcinfo)

.debug_sfnames
 *(.debug_sfnames)

.debug_aranges  0x00000000      0x378
 *(.debug_aranges)
 .debug_aranges
                0x00000000       0x50 App/main.o
 .debug_aranges
                0x00000050       0x40 Hal/Buzzer/Buzzer.o
 .debug_aranges
                0x00000090       0x38 Hal/Dimmer/Dimmer_Light.o
 .debug_aranges
                0x000000c8       0x28 Hal/Keypad/KeyPad.o
 .debug_aranges
                0x000000f0       0x60 Hal/Lcd/Lcd.o
 .debug_aranges
                0x00000150       0x30 Hal/Motor/DcMotor.o
 .debug_aranges
                0x00000180       0x38 Hal/Relay/Relay.o
 .debug_aranges
                0x000001b8       0x38 Hal/Servo/Servo.o
 .debug_aranges
                0x000001f0       0x28 Hal/TempSensor/TempSensor.o
 .debug_aranges
                0x00000218       0x28 Mcal/Adc/Adc.o
 .debug_aranges
                0x00000240       0x50 Mcal/Dio/Dio.o
 .debug_aranges
                0x00000290       0x30 Mcal/Timer0/Timer0.o
 .debug_aranges
                0x000002c0       0x60 Mcal/Timer1/Timer__1.o
 .debug_aranges
                0x00000320       0x58 Mcal/Uart/Uart.o

.debug_pubnames
 *(.debug_pubnames)

.debug_info     0x00000000     0x3f15
 *(.debug_info .gnu.linkonce.wi.*)
 .debug_info    0x00000000      0x4e6 C:/Program Files (x86)/Atmel/Studio/7.0/Packs/atmel/ATmega_DFP/1.6.364/gcc/dev/atmega32/avr5/crtatmega32.o
 .debug_info    0x000004e6     0x1d4b App/main.o
 .debug_info    0x00002231      0x243 Hal/Buzzer/Buzzer.o
 .debug_info    0x00002474      0x184 Hal/Dimmer/Dimmer_Light.o
 .debug_info    0x000025f8      0x3c0 Hal/Keypad/KeyPad.o
 .debug_info    0x000029b8      0x75c Hal/Lcd/Lcd.o
 .debug_info    0x00003114      0x10c Hal/Motor/DcMotor.o
 .debug_info    0x00003220      0x18e Hal/Relay/Relay.o
 .debug_info    0x000033ae      0x180 Hal/Servo/Servo.o
 .debug_info    0x0000352e      0x104 Hal/TempSensor/TempSensor.o
 .debug_info    0x00003632       0xa7 Mcal/Adc/Adc.o
 .debug_info    0x000036d9      0x266 Mcal/Dio/Dio.o
 .debug_info    0x0000393f      0x13c Mcal/Timer0/Timer0.o
 .debug_info    0x00003a7b      0x1d0 Mcal/Timer1/Timer__1.o
 .debug_info    0x00003c4b      0x2ca Mcal/Uart/Uart.o

.debug_abbrev   0x00000000     0x11a1
 *(.debug_abbrev)
 .debug_abbrev  0x00000000      0x4a3 C:/Program Files (x86)/Atmel/Studio/7.0/Packs/atmel/ATmega_DFP/1.6.364/gcc/dev/atmega32/avr5/crtatmega32.o
 .debug_abbrev  0x000004a3      0x254 App/main.o
 .debug_abbrev  0x000006f7       0xef Hal/Buzzer/Buzzer.o
 .debug_abbrev  0x000007e6       0x96 Hal/Dimmer/Dimmer_Light.o
 .debug_abbrev  0x0000087c      0x14a Hal/Keypad/KeyPad.o
 .debug_abbrev  0x000009c6      0x16b Hal/Lcd/Lcd.o
 .debug_abbrev  0x00000b31       0x64 Hal/Motor/DcMotor.o
 .debug_abbrev  0x00000b95       0x80 Hal/Relay/Relay.o
 .debug_abbrev  0x00000c15       0x98 Hal/Servo/Servo.o
 .debug_abbrev  0x00000cad       0x9f Hal/TempSensor/TempSensor.o
 .debug_abbrev  0x00000d4c       0x60 Mcal/Adc/Adc.o
 .debug_abbrev  0x00000dac       0xb8 Mcal/Dio/Dio.o
 .debug_abbrev  0x00000e64       0xb3 Mcal/Timer0/Timer0.o
 .debug_abbrev  0x00000f17       0xb4 Mcal/Timer1/Timer__1.o
 .debug_abbrev  0x00000fcb      0x1d6 Mcal/Uart/Uart.o

.debug_line     0x00000000     0x224c
 *(.debug_line .debug_line.* .debug_line_end)
 .debug_line    0x00000000      0x116 C:/Program Files (x86)/Atmel/Studio/7.0/Packs/atmel/ATmega_DFP/1.6.364/gcc/dev/atmega32/avr5/crtatmega32.o
 .debug_line    0x00000116      0xe92 App/main.o
 .debug_line    0x00000fa8      0x198 Hal/Buzzer/Buzzer.o
 .debug_line    0x00001140       0xca Hal/Dimmer/Dimmer_Light.o
 .debug_line    0x0000120a      0x232 Hal/Keypad/KeyPad.o
 .debug_line    0x0000143c      0x387 Hal/Lcd/Lcd.o
 .debug_line    0x000017c3       0x8b Hal/Motor/DcMotor.o
 .debug_line    0x0000184e       0xb2 Hal/Relay/Relay.o
 .debug_line    0x00001900       0xd4 Hal/Servo/Servo.o
 .debug_line    0x000019d4       0x9e Hal/TempSensor/TempSensor.o
 .debug_line    0x00001a72       0xce Mcal/Adc/Adc.o
 .debug_line    0x00001b40      0x261 Mcal/Dio/Dio.o
 .debug_line    0x00001da1       0xa4 Mcal/Timer0/Timer0.o
 .debug_line    0x00001e45      0x190 Mcal/Timer1/Timer__1.o
 .debug_line    0x00001fd5      0x277 Mcal/Uart/Uart.o

.debug_frame    0x00000000      0x6c4
 *(.debug_frame)
 .debug_frame   0x00000000       0xb0 App/main.o
 .debug_frame   0x000000b0       0x64 Hal/Buzzer/Buzzer.o
 .debug_frame   0x00000114       0x54 Hal/Dimmer/Dimmer_Light.o
 .debug_frame   0x00000168       0x54 Hal/Keypad/KeyPad.o
 .debug_frame   0x000001bc      0x100 Hal/Lcd/Lcd.o
 .debug_frame   0x000002bc       0x44 Hal/Motor/DcMotor.o
 .debug_frame   0x00000300       0x54 Hal/Relay/Relay.o
 .debug_frame   0x00000354       0x54 Hal/Servo/Servo.o
 .debug_frame   0x000003a8       0x34 Hal/TempSensor/TempSensor.o
 .debug_frame   0x000003dc       0x34 Mcal/Adc/Adc.o
 .debug_frame   0x00000410       0x84 Mcal/Dio/Dio.o
 .debug_frame   0x00000494       0x8c Mcal/Timer0/Timer0.o
 .debug_frame   0x00000520       0xb8 Mcal/Timer1/Timer__1.o
 .debug_frame   0x000005d8       0xec Mcal/Uart/Uart.o

.debug_str      0x00000000      0xc40
 *(.debug_str)
 .debug_str     0x00000000      0x196 C:/Program Files (x86)/Atmel/Studio/7.0/Packs/atmel/ATmega_DFP/1.6.364/gcc/dev/atmega32/avr5/crtatmega32.o
 .debug_str     0x00000196      0x552 App/main.o
                                0x59d (size before relaxing)
 .debug_str     0x000006e8       0x6a Hal/Buzzer/Buzzer.o
                                0x231 (size before relaxing)
 .debug_str     0x00000752       0xae Hal/Dimmer/Dimmer_Light.o
                                0x260 (size before relaxing)
 .debug_str     0x00000800       0x71 Hal/Keypad/KeyPad.o
                                0x26e (size before relaxing)
 .debug_str     0x00000871       0xcf Hal/Lcd/Lcd.o
                                0x30b (size before relaxing)
 .debug_str     0x00000940       0x17 Hal/Motor/DcMotor.o
                                0x199 (size before relaxing)
 .debug_str     0x00000957       0x29 Hal/Relay/Relay.o
                                0x1ae (size before relaxing)
 .debug_str     0x00000980       0x3a Hal/Servo/Servo.o
                                0x219 (size before relaxing)
 .debug_str     0x000009ba       0x54 Hal/TempSensor/TempSensor.o
                                0x1af (size before relaxing)
 .debug_str     0x00000a0e       0x12 Mcal/Adc/Adc.o
                                0x15f (size before relaxing)
 .debug_str     0x00000a20       0x7b Mcal/Dio/Dio.o
                                0x20c (size before relaxing)
 .debug_str     0x00000a9b       0x74 Mcal/Timer0/Timer0.o
                                0x200 (size before relaxing)
 .debug_str     0x00000b0f       0xa4 Mcal/Timer1/Timer__1.o
                                0x25f (size before relaxing)
 .debug_str     0x00000bb3       0x8d Mcal/Uart/Uart.o
                                0x291 (size before relaxing)

.debug_loc      0x00000000     0x13ca
 *(.debug_loc)
 .debug_loc     0x00000000      0x52d App/main.o
 .debug_loc     0x0000052d       0x90 Hal/Buzzer/Buzzer.o
 .debug_loc     0x000005bd       0x26 Hal/Dimmer/Dimmer_Light.o
 .debug_loc     0x000005e3      0x147 Hal/Keypad/KeyPad.o
 .debug_loc     0x0000072a      0x54e Hal/Lcd/Lcd.o
 .debug_loc     0x00000c78       0x84 Hal/Relay/Relay.o
 .debug_loc     0x00000cfc       0x3a Hal/Servo/Servo.o
 .debug_loc     0x00000d36       0x18 Hal/TempSensor/TempSensor.o
 .debug_loc     0x00000d4e      0x2f1 Mcal/Dio/Dio.o
 .debug_loc     0x0000103f       0xcb Mcal/Timer0/Timer0.o
 .debug_loc     0x0000110a       0xa9 Mcal/Timer1/Timer__1.o
 .debug_loc     0x000011b3      0x217 Mcal/Uart/Uart.o

.debug_macinfo
 *(.debug_macinfo)

.debug_weaknames
 *(.debug_weaknames)

.debug_funcnames
 *(.debug_funcnames)

.debug_typenames
 *(.debug_typenames)

.debug_varnames
 *(.debug_varnames)

.debug_pubtypes
 *(.debug_pubtypes)

.debug_ranges   0x00000000      0x298
 *(.debug_ranges)
 .debug_ranges  0x00000000       0x40 App/main.o
 .debug_ranges  0x00000040       0x30 Hal/Buzzer/Buzzer.o
 .debug_ranges  0x00000070       0x28 Hal/Dimmer/Dimmer_Light.o
 .debug_ranges  0x00000098       0x18 Hal/Keypad/KeyPad.o
 .debug_ranges  0x000000b0       0x50 Hal/Lcd/Lcd.o
 .debug_ranges  0x00000100       0x20 Hal/Motor/DcMotor.o
 .debug_ranges  0x00000120       0x28 Hal/Relay/Relay.o
 .debug_ranges  0x00000148       0x28 Hal/Servo/Servo.o
 .debug_ranges  0x00000170       0x18 Hal/TempSensor/TempSensor.o
 .debug_ranges  0x00000188       0x18 Mcal/Adc/Adc.o
 .debug_ranges  0x000001a0       0x40 Mcal/Dio/Dio.o
 .debug_ranges  0x000001e0       0x20 Mcal/Timer0/Timer0.o
 .debug_ranges  0x00000200       0x50 Mcal/Timer1/Timer__1.o
 .debug_ranges  0x00000250       0x48 Mcal/Uart/Uart.o

.debug_macro
 *(.debug_macro)
OUTPUT(SmartHome.elf elf32-avr)
LOAD linker stubs
